Archive member included because of file (symbol)

/home/jesse/StellarisWare/driverlib/gcc-cm3/libdriver-cm3.a(gpio.o)
                              /tmp/cc0kvuIp.o (GPIOPadConfigSet)
/home/jesse/StellarisWare/driverlib/gcc-cm3/libdriver-cm3.a(interrupt.o)
                              /tmp/ccKRjFSm.o (IntMasterEnable)
/home/jesse/StellarisWare/driverlib/gcc-cm3/libdriver-cm3.a(ssi.o)
                              /tmp/cc0kvuIp.o (SSIConfigSetExpClk)
/home/jesse/StellarisWare/driverlib/gcc-cm3/libdriver-cm3.a(sysctl.o)
                              /tmp/ccKRjFSm.o (SysCtlPeripheralEnable)
/home/jesse/StellarisWare/driverlib/gcc-cm3/libdriver-cm3.a(uart.o)
                              /tmp/ccKRjFSm.o (UARTConfigSetExpClk)
/home/jesse/StellarisWare/driverlib/gcc-cm3/libdriver-cm3.a(cpu.o)
                              /home/jesse/StellarisWare/driverlib/gcc-cm3/libdriver-cm3.a(interrupt.o) (CPUcpsid)
/home/jesse/CodeSourcery/Sourcery_G++_Lite_2010/bin/../lib/gcc/arm-none-eabi/4.4.1/../../../../arm-none-eabi/lib/thumb2/libc.a(lib_a-errno.o)
                              /tmp/ccWPwm2Q.o (__errno)
/home/jesse/CodeSourcery/Sourcery_G++_Lite_2010/bin/../lib/gcc/arm-none-eabi/4.4.1/../../../../arm-none-eabi/lib/thumb2/libc.a(lib_a-exit.o)
                              /tmp/ccKRjFSm.o (exit)
/home/jesse/CodeSourcery/Sourcery_G++_Lite_2010/bin/../lib/gcc/arm-none-eabi/4.4.1/../../../../arm-none-eabi/lib/thumb2/libc.a(lib_a-impure.o)
                              /home/jesse/CodeSourcery/Sourcery_G++_Lite_2010/bin/../lib/gcc/arm-none-eabi/4.4.1/../../../../arm-none-eabi/lib/thumb2/libc.a(lib_a-errno.o) (_impure_ptr)
/home/jesse/CodeSourcery/Sourcery_G++_Lite_2010/bin/../lib/gcc/arm-none-eabi/4.4.1/../../../../arm-none-eabi/lib/thumb2/libc.a(lib_a-iprintf.o)
                              /tmp/ccKRjFSm.o (iprintf)
/home/jesse/CodeSourcery/Sourcery_G++_Lite_2010/bin/../lib/gcc/arm-none-eabi/4.4.1/../../../../arm-none-eabi/lib/thumb2/libc.a(lib_a-malloc.o)
                              /tmp/ccKRjFSm.o (malloc)
/home/jesse/CodeSourcery/Sourcery_G++_Lite_2010/bin/../lib/gcc/arm-none-eabi/4.4.1/../../../../arm-none-eabi/lib/thumb2/libc.a(lib_a-mallocr.o)
                              /home/jesse/CodeSourcery/Sourcery_G++_Lite_2010/bin/../lib/gcc/arm-none-eabi/4.4.1/../../../../arm-none-eabi/lib/thumb2/libc.a(lib_a-malloc.o) (_malloc_r)
/home/jesse/CodeSourcery/Sourcery_G++_Lite_2010/bin/../lib/gcc/arm-none-eabi/4.4.1/../../../../arm-none-eabi/lib/thumb2/libc.a(lib_a-mlock.o)
                              /home/jesse/CodeSourcery/Sourcery_G++_Lite_2010/bin/../lib/gcc/arm-none-eabi/4.4.1/../../../../arm-none-eabi/lib/thumb2/libc.a(lib_a-mallocr.o) (__malloc_lock)
/home/jesse/CodeSourcery/Sourcery_G++_Lite_2010/bin/../lib/gcc/arm-none-eabi/4.4.1/../../../../arm-none-eabi/lib/thumb2/libc.a(lib_a-sbrkr.o)
                              /home/jesse/CodeSourcery/Sourcery_G++_Lite_2010/bin/../lib/gcc/arm-none-eabi/4.4.1/../../../../arm-none-eabi/lib/thumb2/libc.a(lib_a-mallocr.o) (_sbrk_r)
/home/jesse/CodeSourcery/Sourcery_G++_Lite_2010/bin/../lib/gcc/arm-none-eabi/4.4.1/../../../../arm-none-eabi/lib/thumb2/libc.a(lib_a-vfiprintf.o)
                              /home/jesse/CodeSourcery/Sourcery_G++_Lite_2010/bin/../lib/gcc/arm-none-eabi/4.4.1/../../../../arm-none-eabi/lib/thumb2/libc.a(lib_a-iprintf.o) (_vfiprintf_r)
/home/jesse/CodeSourcery/Sourcery_G++_Lite_2010/bin/../lib/gcc/arm-none-eabi/4.4.1/../../../../arm-none-eabi/lib/thumb2/libc.a(lib_a-wsetup.o)
                              /home/jesse/CodeSourcery/Sourcery_G++_Lite_2010/bin/../lib/gcc/arm-none-eabi/4.4.1/../../../../arm-none-eabi/lib/thumb2/libc.a(lib_a-vfiprintf.o) (__swsetup_r)
/home/jesse/CodeSourcery/Sourcery_G++_Lite_2010/bin/../lib/gcc/arm-none-eabi/4.4.1/../../../../arm-none-eabi/lib/thumb2/libc.a(lib_a-__call_atexit.o)
                              /home/jesse/CodeSourcery/Sourcery_G++_Lite_2010/bin/../lib/gcc/arm-none-eabi/4.4.1/../../../../arm-none-eabi/lib/thumb2/libc.a(lib_a-exit.o) (__call_exitprocs)
/home/jesse/CodeSourcery/Sourcery_G++_Lite_2010/bin/../lib/gcc/arm-none-eabi/4.4.1/../../../../arm-none-eabi/lib/thumb2/libc.a(lib_a-atexit.o)
                              /home/jesse/CodeSourcery/Sourcery_G++_Lite_2010/bin/../lib/gcc/arm-none-eabi/4.4.1/../../../../arm-none-eabi/lib/thumb2/libc.a(lib_a-__call_atexit.o) (atexit)
/home/jesse/CodeSourcery/Sourcery_G++_Lite_2010/bin/../lib/gcc/arm-none-eabi/4.4.1/../../../../arm-none-eabi/lib/thumb2/libc.a(lib_a-fflush.o)
                              /home/jesse/CodeSourcery/Sourcery_G++_Lite_2010/bin/../lib/gcc/arm-none-eabi/4.4.1/../../../../arm-none-eabi/lib/thumb2/libc.a(lib_a-vfiprintf.o) (_fflush_r)
/home/jesse/CodeSourcery/Sourcery_G++_Lite_2010/bin/../lib/gcc/arm-none-eabi/4.4.1/../../../../arm-none-eabi/lib/thumb2/libc.a(lib_a-findfp.o)
                              /home/jesse/CodeSourcery/Sourcery_G++_Lite_2010/bin/../lib/gcc/arm-none-eabi/4.4.1/../../../../arm-none-eabi/lib/thumb2/libc.a(lib_a-iprintf.o) (__sinit)
/home/jesse/CodeSourcery/Sourcery_G++_Lite_2010/bin/../lib/gcc/arm-none-eabi/4.4.1/../../../../arm-none-eabi/lib/thumb2/libc.a(lib_a-fini.o)
                              /home/jesse/CodeSourcery/Sourcery_G++_Lite_2010/bin/../lib/gcc/arm-none-eabi/4.4.1/../../../../arm-none-eabi/lib/thumb2/libc.a(lib_a-__call_atexit.o) (__libc_fini_array)
/home/jesse/CodeSourcery/Sourcery_G++_Lite_2010/bin/../lib/gcc/arm-none-eabi/4.4.1/../../../../arm-none-eabi/lib/thumb2/libc.a(lib_a-freer.o)
                              /home/jesse/CodeSourcery/Sourcery_G++_Lite_2010/bin/../lib/gcc/arm-none-eabi/4.4.1/../../../../arm-none-eabi/lib/thumb2/libc.a(lib_a-malloc.o) (_free_r)
/home/jesse/CodeSourcery/Sourcery_G++_Lite_2010/bin/../lib/gcc/arm-none-eabi/4.4.1/../../../../arm-none-eabi/lib/thumb2/libc.a(lib_a-fvwrite.o)
                              /home/jesse/CodeSourcery/Sourcery_G++_Lite_2010/bin/../lib/gcc/arm-none-eabi/4.4.1/../../../../arm-none-eabi/lib/thumb2/libc.a(lib_a-vfiprintf.o) (__sfvwrite_r)
/home/jesse/CodeSourcery/Sourcery_G++_Lite_2010/bin/../lib/gcc/arm-none-eabi/4.4.1/../../../../arm-none-eabi/lib/thumb2/libc.a(lib_a-fwalk.o)
                              /home/jesse/CodeSourcery/Sourcery_G++_Lite_2010/bin/../lib/gcc/arm-none-eabi/4.4.1/../../../../arm-none-eabi/lib/thumb2/libc.a(lib_a-fflush.o) (_fwalk_reent)
/home/jesse/CodeSourcery/Sourcery_G++_Lite_2010/bin/../lib/gcc/arm-none-eabi/4.4.1/../../../../arm-none-eabi/lib/thumb2/libc.a(lib_a-makebuf.o)
                              /home/jesse/CodeSourcery/Sourcery_G++_Lite_2010/bin/../lib/gcc/arm-none-eabi/4.4.1/../../../../arm-none-eabi/lib/thumb2/libc.a(lib_a-wsetup.o) (__smakebuf_r)
/home/jesse/CodeSourcery/Sourcery_G++_Lite_2010/bin/../lib/gcc/arm-none-eabi/4.4.1/../../../../arm-none-eabi/lib/thumb2/libc.a(lib_a-memchr.o)
                              /home/jesse/CodeSourcery/Sourcery_G++_Lite_2010/bin/../lib/gcc/arm-none-eabi/4.4.1/../../../../arm-none-eabi/lib/thumb2/libc.a(lib_a-vfiprintf.o) (memchr)
/home/jesse/CodeSourcery/Sourcery_G++_Lite_2010/bin/../lib/gcc/arm-none-eabi/4.4.1/../../../../arm-none-eabi/lib/thumb2/libc.a(lib_a-memcpy.o)
                              /home/jesse/CodeSourcery/Sourcery_G++_Lite_2010/bin/../lib/gcc/arm-none-eabi/4.4.1/../../../../arm-none-eabi/lib/thumb2/libc.a(lib_a-fvwrite.o) (memcpy)
/home/jesse/CodeSourcery/Sourcery_G++_Lite_2010/bin/../lib/gcc/arm-none-eabi/4.4.1/../../../../arm-none-eabi/lib/thumb2/libc.a(lib_a-memmove.o)
                              /home/jesse/CodeSourcery/Sourcery_G++_Lite_2010/bin/../lib/gcc/arm-none-eabi/4.4.1/../../../../arm-none-eabi/lib/thumb2/libc.a(lib_a-fvwrite.o) (memmove)
/home/jesse/CodeSourcery/Sourcery_G++_Lite_2010/bin/../lib/gcc/arm-none-eabi/4.4.1/../../../../arm-none-eabi/lib/thumb2/libc.a(lib_a-memset.o)
                              /home/jesse/CodeSourcery/Sourcery_G++_Lite_2010/bin/../lib/gcc/arm-none-eabi/4.4.1/../../../../arm-none-eabi/lib/thumb2/libc.a(lib_a-findfp.o) (memset)
/home/jesse/CodeSourcery/Sourcery_G++_Lite_2010/bin/../lib/gcc/arm-none-eabi/4.4.1/../../../../arm-none-eabi/lib/thumb2/libc.a(lib_a-reallocr.o)
                              /home/jesse/CodeSourcery/Sourcery_G++_Lite_2010/bin/../lib/gcc/arm-none-eabi/4.4.1/../../../../arm-none-eabi/lib/thumb2/libc.a(lib_a-fvwrite.o) (_realloc_r)
/home/jesse/CodeSourcery/Sourcery_G++_Lite_2010/bin/../lib/gcc/arm-none-eabi/4.4.1/../../../../arm-none-eabi/lib/thumb2/libc.a(lib_a-reent.o)
                              /home/jesse/CodeSourcery/Sourcery_G++_Lite_2010/bin/../lib/gcc/arm-none-eabi/4.4.1/../../../../arm-none-eabi/lib/thumb2/libc.a(lib_a-sbrkr.o) (errno)
/home/jesse/CodeSourcery/Sourcery_G++_Lite_2010/bin/../lib/gcc/arm-none-eabi/4.4.1/../../../../arm-none-eabi/lib/thumb2/libc.a(lib_a-stdio.o)
                              /home/jesse/CodeSourcery/Sourcery_G++_Lite_2010/bin/../lib/gcc/arm-none-eabi/4.4.1/../../../../arm-none-eabi/lib/thumb2/libc.a(lib_a-findfp.o) (__sclose)
/home/jesse/CodeSourcery/Sourcery_G++_Lite_2010/bin/../lib/gcc/arm-none-eabi/4.4.1/../../../../arm-none-eabi/lib/thumb2/libc.a(lib_a-strlen.o)
                              /home/jesse/CodeSourcery/Sourcery_G++_Lite_2010/bin/../lib/gcc/arm-none-eabi/4.4.1/../../../../arm-none-eabi/lib/thumb2/libc.a(lib_a-vfiprintf.o) (strlen)
/home/jesse/CodeSourcery/Sourcery_G++_Lite_2010/bin/../lib/gcc/arm-none-eabi/4.4.1/../../../../arm-none-eabi/lib/thumb2/libc.a(lib_a-writer.o)
                              /home/jesse/CodeSourcery/Sourcery_G++_Lite_2010/bin/../lib/gcc/arm-none-eabi/4.4.1/../../../../arm-none-eabi/lib/thumb2/libc.a(lib_a-stdio.o) (_write_r)
/home/jesse/CodeSourcery/Sourcery_G++_Lite_2010/bin/../lib/gcc/arm-none-eabi/4.4.1/../../../../arm-none-eabi/lib/thumb2/libc.a(lib_a-__atexit.o)
                              /home/jesse/CodeSourcery/Sourcery_G++_Lite_2010/bin/../lib/gcc/arm-none-eabi/4.4.1/../../../../arm-none-eabi/lib/thumb2/libc.a(lib_a-atexit.o) (__register_exitproc)
/home/jesse/CodeSourcery/Sourcery_G++_Lite_2010/bin/../lib/gcc/arm-none-eabi/4.4.1/../../../../arm-none-eabi/lib/thumb2/libc.a(lib_a-closer.o)
                              /home/jesse/CodeSourcery/Sourcery_G++_Lite_2010/bin/../lib/gcc/arm-none-eabi/4.4.1/../../../../arm-none-eabi/lib/thumb2/libc.a(lib_a-stdio.o) (_close_r)
/home/jesse/CodeSourcery/Sourcery_G++_Lite_2010/bin/../lib/gcc/arm-none-eabi/4.4.1/../../../../arm-none-eabi/lib/thumb2/libc.a(lib_a-fclose.o)
                              /home/jesse/CodeSourcery/Sourcery_G++_Lite_2010/bin/../lib/gcc/arm-none-eabi/4.4.1/../../../../arm-none-eabi/lib/thumb2/libc.a(lib_a-findfp.o) (fclose)
/home/jesse/CodeSourcery/Sourcery_G++_Lite_2010/bin/../lib/gcc/arm-none-eabi/4.4.1/../../../../arm-none-eabi/lib/thumb2/libc.a(lib_a-fstatr.o)
                              /home/jesse/CodeSourcery/Sourcery_G++_Lite_2010/bin/../lib/gcc/arm-none-eabi/4.4.1/../../../../arm-none-eabi/lib/thumb2/libc.a(lib_a-makebuf.o) (_fstat_r)
/home/jesse/CodeSourcery/Sourcery_G++_Lite_2010/bin/../lib/gcc/arm-none-eabi/4.4.1/../../../../arm-none-eabi/lib/thumb2/libc.a(lib_a-isattyr.o)
                              /home/jesse/CodeSourcery/Sourcery_G++_Lite_2010/bin/../lib/gcc/arm-none-eabi/4.4.1/../../../../arm-none-eabi/lib/thumb2/libc.a(lib_a-makebuf.o) (_isatty_r)
/home/jesse/CodeSourcery/Sourcery_G++_Lite_2010/bin/../lib/gcc/arm-none-eabi/4.4.1/../../../../arm-none-eabi/lib/thumb2/libc.a(lib_a-lseekr.o)
                              /home/jesse/CodeSourcery/Sourcery_G++_Lite_2010/bin/../lib/gcc/arm-none-eabi/4.4.1/../../../../arm-none-eabi/lib/thumb2/libc.a(lib_a-stdio.o) (_lseek_r)
/home/jesse/CodeSourcery/Sourcery_G++_Lite_2010/bin/../lib/gcc/arm-none-eabi/4.4.1/../../../../arm-none-eabi/lib/thumb2/libc.a(lib_a-readr.o)
                              /home/jesse/CodeSourcery/Sourcery_G++_Lite_2010/bin/../lib/gcc/arm-none-eabi/4.4.1/../../../../arm-none-eabi/lib/thumb2/libc.a(lib_a-stdio.o) (_read_r)
/home/jesse/CodeSourcery/Sourcery_G++_Lite_2010/bin/../lib/gcc/arm-none-eabi/4.4.1/thumb2/libgcc.a(_aeabi_uldivmod.o)
                              /home/jesse/CodeSourcery/Sourcery_G++_Lite_2010/bin/../lib/gcc/arm-none-eabi/4.4.1/../../../../arm-none-eabi/lib/thumb2/libc.a(lib_a-vfiprintf.o) (__aeabi_uldivmod)
/home/jesse/CodeSourcery/Sourcery_G++_Lite_2010/bin/../lib/gcc/arm-none-eabi/4.4.1/thumb2/libgcc.a(bpabi.o)
                              /home/jesse/CodeSourcery/Sourcery_G++_Lite_2010/bin/../lib/gcc/arm-none-eabi/4.4.1/thumb2/libgcc.a(_aeabi_uldivmod.o) (__gnu_uldivmod_helper)
/home/jesse/CodeSourcery/Sourcery_G++_Lite_2010/bin/../lib/gcc/arm-none-eabi/4.4.1/thumb2/libgcc.a(_dvmd_tls.o)
                              /home/jesse/CodeSourcery/Sourcery_G++_Lite_2010/bin/../lib/gcc/arm-none-eabi/4.4.1/thumb2/libgcc.a(_aeabi_uldivmod.o) (__aeabi_ldiv0)
/home/jesse/CodeSourcery/Sourcery_G++_Lite_2010/bin/../lib/gcc/arm-none-eabi/4.4.1/thumb2/libgcc.a(_divdi3.o)
                              /home/jesse/CodeSourcery/Sourcery_G++_Lite_2010/bin/../lib/gcc/arm-none-eabi/4.4.1/thumb2/libgcc.a(bpabi.o) (__divdi3)
/home/jesse/CodeSourcery/Sourcery_G++_Lite_2010/bin/../lib/gcc/arm-none-eabi/4.4.1/thumb2/libgcc.a(_udivdi3.o)
                              /home/jesse/CodeSourcery/Sourcery_G++_Lite_2010/bin/../lib/gcc/arm-none-eabi/4.4.1/thumb2/libgcc.a(bpabi.o) (__udivdi3)
/home/jesse/CodeSourcery/Sourcery_G++_Lite_2010/bin/../lib/gcc/arm-none-eabi/4.4.1/thumb2/libgcc.a(_udivsi3.o)
                              /home/jesse/CodeSourcery/Sourcery_G++_Lite_2010/bin/../lib/gcc/arm-none-eabi/4.4.1/thumb2/libgcc.a(_divdi3.o) (__aeabi_uidiv)

Allocating common symbols
Common symbol       size              file

UART0_lock          0xc               /tmp/ccKRjFSm.o
LED_lock            0xc               /tmp/ccKRjFSm.o
errno               0x4               /home/jesse/CodeSourcery/Sourcery_G++_Lite_2010/bin/../lib/gcc/arm-none-eabi/4.4.1/../../../../arm-none-eabi/lib/thumb2/libc.a(lib_a-reent.o)
OLED_lock           0xc               /tmp/ccKRjFSm.o
currThread          0x4               /tmp/ccKRjFSm.o
UART1_lock          0xc               /tmp/ccKRjFSm.o
heap_end            0x4               /tmp/ccWPwm2Q.o

Discarded input sections

 .text          0x00000000        0x0 /home/jesse/CodeSourcery/Sourcery_G++_Lite_2010/bin/../lib/gcc/arm-none-eabi/4.4.1/thumb2/crti.o
 .data          0x00000000        0x0 /home/jesse/CodeSourcery/Sourcery_G++_Lite_2010/bin/../lib/gcc/arm-none-eabi/4.4.1/thumb2/crti.o
 .bss           0x00000000        0x0 /home/jesse/CodeSourcery/Sourcery_G++_Lite_2010/bin/../lib/gcc/arm-none-eabi/4.4.1/thumb2/crti.o
 .init          0x00000000        0x4 /home/jesse/CodeSourcery/Sourcery_G++_Lite_2010/bin/../lib/gcc/arm-none-eabi/4.4.1/thumb2/crti.o
 .text          0x00000000       0x30 /home/jesse/CodeSourcery/Sourcery_G++_Lite_2010/bin/../lib/gcc/arm-none-eabi/4.4.1/thumb2/crtbegin.o
 .data          0x00000000        0x4 /home/jesse/CodeSourcery/Sourcery_G++_Lite_2010/bin/../lib/gcc/arm-none-eabi/4.4.1/thumb2/crtbegin.o
 .bss           0x00000000        0x1 /home/jesse/CodeSourcery/Sourcery_G++_Lite_2010/bin/../lib/gcc/arm-none-eabi/4.4.1/thumb2/crtbegin.o
 .init_array    0x00000000        0x4 /home/jesse/CodeSourcery/Sourcery_G++_Lite_2010/bin/../lib/gcc/arm-none-eabi/4.4.1/thumb2/crtbegin.o
 .fini_array    0x00000000        0x4 /home/jesse/CodeSourcery/Sourcery_G++_Lite_2010/bin/../lib/gcc/arm-none-eabi/4.4.1/thumb2/crtbegin.o
 .jcr           0x00000000        0x0 /home/jesse/CodeSourcery/Sourcery_G++_Lite_2010/bin/../lib/gcc/arm-none-eabi/4.4.1/thumb2/crtbegin.o
 .data          0x00000000        0x0 /tmp/ccKRjFSm.o
 .data          0x00000000        0x0 /tmp/ccKI8TPx.o
 .bss           0x00000000        0x0 /tmp/ccKI8TPx.o
 .data          0x00000000        0x0 /tmp/ccWPwm2Q.o
 .bss           0x00000000        0x0 /tmp/ccWPwm2Q.o
 .data          0x00000000        0x0 /tmp/cc0kvuIp.o
 .data          0x00000000        0x0 /tmp/ccaXlvdZ.o
 .bss           0x00000000        0x0 /tmp/ccaXlvdZ.o
 .data          0x00000000        0x0 /tmp/ccwlYndE.o
 .bss           0x00000000        0x0 /tmp/ccwlYndE.o
 .text          0x00000000        0x0 /home/jesse/StellarisWare/driverlib/gcc-cm3/libdriver-cm3.a(gpio.o)
 .data          0x00000000        0x0 /home/jesse/StellarisWare/driverlib/gcc-cm3/libdriver-cm3.a(gpio.o)
 .bss           0x00000000        0x0 /home/jesse/StellarisWare/driverlib/gcc-cm3/libdriver-cm3.a(gpio.o)
 .text.GPIOGetIntNumber
                0x00000000      0x140 /home/jesse/StellarisWare/driverlib/gcc-cm3/libdriver-cm3.a(gpio.o)
 .text.GPIODirModeGet
                0x00000000       0x24 /home/jesse/StellarisWare/driverlib/gcc-cm3/libdriver-cm3.a(gpio.o)
 .text.GPIOIntTypeSet
                0x00000000       0x48 /home/jesse/StellarisWare/driverlib/gcc-cm3/libdriver-cm3.a(gpio.o)
 .text.GPIOIntTypeGet
                0x00000000       0x32 /home/jesse/StellarisWare/driverlib/gcc-cm3/libdriver-cm3.a(gpio.o)
 .text.GPIOPadConfigGet
                0x00000000       0x76 /home/jesse/StellarisWare/driverlib/gcc-cm3/libdriver-cm3.a(gpio.o)
 .text.GPIOPinIntEnable
                0x00000000        0xc /home/jesse/StellarisWare/driverlib/gcc-cm3/libdriver-cm3.a(gpio.o)
 .text.GPIOPinIntDisable
                0x00000000        0xe /home/jesse/StellarisWare/driverlib/gcc-cm3/libdriver-cm3.a(gpio.o)
 .text.GPIOPinIntStatus
                0x00000000        0xe /home/jesse/StellarisWare/driverlib/gcc-cm3/libdriver-cm3.a(gpio.o)
 .text.GPIOPinIntClear
                0x00000000        0x6 /home/jesse/StellarisWare/driverlib/gcc-cm3/libdriver-cm3.a(gpio.o)
 .text.GPIOPortIntRegister
                0x00000000       0x1a /home/jesse/StellarisWare/driverlib/gcc-cm3/libdriver-cm3.a(gpio.o)
 .text.GPIOPortIntUnregister
                0x00000000       0x16 /home/jesse/StellarisWare/driverlib/gcc-cm3/libdriver-cm3.a(gpio.o)
 .text.GPIOPinRead
                0x00000000        0x6 /home/jesse/StellarisWare/driverlib/gcc-cm3/libdriver-cm3.a(gpio.o)
 .text.GPIOPinTypeADC
                0x00000000       0x1c /home/jesse/StellarisWare/driverlib/gcc-cm3/libdriver-cm3.a(gpio.o)
 .text.GPIOPinTypeCAN
                0x00000000       0x1c /home/jesse/StellarisWare/driverlib/gcc-cm3/libdriver-cm3.a(gpio.o)
 .text.GPIOPinTypeComparator
                0x00000000       0x1c /home/jesse/StellarisWare/driverlib/gcc-cm3/libdriver-cm3.a(gpio.o)
 .text.GPIOPinTypeEPI
                0x00000000       0x1c /home/jesse/StellarisWare/driverlib/gcc-cm3/libdriver-cm3.a(gpio.o)
 .text.GPIOPinTypeEthernetLED
                0x00000000       0x1c /home/jesse/StellarisWare/driverlib/gcc-cm3/libdriver-cm3.a(gpio.o)
 .text.GPIOPinTypeEthernetMII
                0x00000000       0x1c /home/jesse/StellarisWare/driverlib/gcc-cm3/libdriver-cm3.a(gpio.o)
 .text.GPIOPinTypeFan
                0x00000000       0x1c /home/jesse/StellarisWare/driverlib/gcc-cm3/libdriver-cm3.a(gpio.o)
 .text.GPIOPinTypeGPIOInput
                0x00000000       0x1c /home/jesse/StellarisWare/driverlib/gcc-cm3/libdriver-cm3.a(gpio.o)
 .text.GPIOPinTypeGPIOOutputOD
                0x00000000       0x1c /home/jesse/StellarisWare/driverlib/gcc-cm3/libdriver-cm3.a(gpio.o)
 .text.GPIOPinTypeI2C
                0x00000000       0x1c /home/jesse/StellarisWare/driverlib/gcc-cm3/libdriver-cm3.a(gpio.o)
 .text.GPIOPinTypeI2CSCL
                0x00000000       0x90 /home/jesse/StellarisWare/driverlib/gcc-cm3/libdriver-cm3.a(gpio.o)
 .text.GPIOPinTypeI2S
                0x00000000       0x1c /home/jesse/StellarisWare/driverlib/gcc-cm3/libdriver-cm3.a(gpio.o)
 .text.GPIOPinTypeLPC
                0x00000000       0x1c /home/jesse/StellarisWare/driverlib/gcc-cm3/libdriver-cm3.a(gpio.o)
 .text.GPIOPinTypePECIRx
                0x00000000       0x1c /home/jesse/StellarisWare/driverlib/gcc-cm3/libdriver-cm3.a(gpio.o)
 .text.GPIOPinTypePECITx
                0x00000000       0x1c /home/jesse/StellarisWare/driverlib/gcc-cm3/libdriver-cm3.a(gpio.o)
 .text.GPIOPinTypePWM
                0x00000000       0x1c /home/jesse/StellarisWare/driverlib/gcc-cm3/libdriver-cm3.a(gpio.o)
 .text.GPIOPinTypeQEI
                0x00000000       0x1c /home/jesse/StellarisWare/driverlib/gcc-cm3/libdriver-cm3.a(gpio.o)
 .text.GPIOPinTypeTimer
                0x00000000       0x1c /home/jesse/StellarisWare/driverlib/gcc-cm3/libdriver-cm3.a(gpio.o)
 .text.GPIOPinTypeUSBAnalog
                0x00000000       0x1c /home/jesse/StellarisWare/driverlib/gcc-cm3/libdriver-cm3.a(gpio.o)
 .text.GPIOPinTypeUSBDigital
                0x00000000       0x1c /home/jesse/StellarisWare/driverlib/gcc-cm3/libdriver-cm3.a(gpio.o)
 .text.GPIOPinConfigure
                0x00000000       0x4c /home/jesse/StellarisWare/driverlib/gcc-cm3/libdriver-cm3.a(gpio.o)
 .text.GPIODMATriggerEnable
                0x00000000        0xc /home/jesse/StellarisWare/driverlib/gcc-cm3/libdriver-cm3.a(gpio.o)
 .text.GPIODMATriggerDisable
                0x00000000        0xe /home/jesse/StellarisWare/driverlib/gcc-cm3/libdriver-cm3.a(gpio.o)
 .text.GPIOADCTriggerEnable
                0x00000000        0xc /home/jesse/StellarisWare/driverlib/gcc-cm3/libdriver-cm3.a(gpio.o)
 .text.GPIOADCTriggerDisable
                0x00000000        0xe /home/jesse/StellarisWare/driverlib/gcc-cm3/libdriver-cm3.a(gpio.o)
 .rodata.g_pulGPIOBaseAddrs
                0x00000000       0x78 /home/jesse/StellarisWare/driverlib/gcc-cm3/libdriver-cm3.a(gpio.o)
 .text          0x00000000        0x0 /home/jesse/StellarisWare/driverlib/gcc-cm3/libdriver-cm3.a(interrupt.o)
 .data          0x00000000        0x0 /home/jesse/StellarisWare/driverlib/gcc-cm3/libdriver-cm3.a(interrupt.o)
 .bss           0x00000000        0x0 /home/jesse/StellarisWare/driverlib/gcc-cm3/libdriver-cm3.a(interrupt.o)
 .text.IntDefaultHandler
                0x00000000        0x2 /home/jesse/StellarisWare/driverlib/gcc-cm3/libdriver-cm3.a(interrupt.o)
 .text.IntMasterDisable
                0x00000000        0xa /home/jesse/StellarisWare/driverlib/gcc-cm3/libdriver-cm3.a(interrupt.o)
 .text.IntRegister
                0x00000000       0x30 /home/jesse/StellarisWare/driverlib/gcc-cm3/libdriver-cm3.a(interrupt.o)
 .text.IntUnregister
                0x00000000       0x14 /home/jesse/StellarisWare/driverlib/gcc-cm3/libdriver-cm3.a(interrupt.o)
 .text.IntPriorityGroupingSet
                0x00000000       0x1c /home/jesse/StellarisWare/driverlib/gcc-cm3/libdriver-cm3.a(interrupt.o)
 .text.IntPriorityGroupingGet
                0x00000000       0x24 /home/jesse/StellarisWare/driverlib/gcc-cm3/libdriver-cm3.a(interrupt.o)
 .text.IntPrioritySet
                0x00000000       0x28 /home/jesse/StellarisWare/driverlib/gcc-cm3/libdriver-cm3.a(interrupt.o)
 .text.IntPriorityGet
                0x00000000       0x1c /home/jesse/StellarisWare/driverlib/gcc-cm3/libdriver-cm3.a(interrupt.o)
 .text.IntEnable
                0x00000000       0x60 /home/jesse/StellarisWare/driverlib/gcc-cm3/libdriver-cm3.a(interrupt.o)
 .text.IntDisable
                0x00000000       0x60 /home/jesse/StellarisWare/driverlib/gcc-cm3/libdriver-cm3.a(interrupt.o)
 .text.IntIsEnabled
                0x00000000       0x64 /home/jesse/StellarisWare/driverlib/gcc-cm3/libdriver-cm3.a(interrupt.o)
 .text.IntPendSet
                0x00000000       0x50 /home/jesse/StellarisWare/driverlib/gcc-cm3/libdriver-cm3.a(interrupt.o)
 .text.IntPendClear
                0x00000000       0x40 /home/jesse/StellarisWare/driverlib/gcc-cm3/libdriver-cm3.a(interrupt.o)
 .text.IntPriorityMaskSet
                0x00000000        0x4 /home/jesse/StellarisWare/driverlib/gcc-cm3/libdriver-cm3.a(interrupt.o)
 .text.IntPriorityMaskGet
                0x00000000        0x4 /home/jesse/StellarisWare/driverlib/gcc-cm3/libdriver-cm3.a(interrupt.o)
 .rodata.g_pulEnRegs
                0x00000000       0x14 /home/jesse/StellarisWare/driverlib/gcc-cm3/libdriver-cm3.a(interrupt.o)
 .rodata.g_pulDisRegs
                0x00000000       0x14 /home/jesse/StellarisWare/driverlib/gcc-cm3/libdriver-cm3.a(interrupt.o)
 .rodata.g_pulPendRegs
                0x00000000       0x14 /home/jesse/StellarisWare/driverlib/gcc-cm3/libdriver-cm3.a(interrupt.o)
 .rodata.g_pulUnpendRegs
                0x00000000       0x14 /home/jesse/StellarisWare/driverlib/gcc-cm3/libdriver-cm3.a(interrupt.o)
 vtable         0x00000000      0x400 /home/jesse/StellarisWare/driverlib/gcc-cm3/libdriver-cm3.a(interrupt.o)
 .rodata.g_pulPriority
                0x00000000       0x20 /home/jesse/StellarisWare/driverlib/gcc-cm3/libdriver-cm3.a(interrupt.o)
 .rodata.g_pulRegs
                0x00000000       0x9c /home/jesse/StellarisWare/driverlib/gcc-cm3/libdriver-cm3.a(interrupt.o)
 .text          0x00000000        0x0 /home/jesse/StellarisWare/driverlib/gcc-cm3/libdriver-cm3.a(ssi.o)
 .data          0x00000000        0x0 /home/jesse/StellarisWare/driverlib/gcc-cm3/libdriver-cm3.a(ssi.o)
 .bss           0x00000000        0x0 /home/jesse/StellarisWare/driverlib/gcc-cm3/libdriver-cm3.a(ssi.o)
 .text.SSIIntNumberGet
                0x00000000       0x4c /home/jesse/StellarisWare/driverlib/gcc-cm3/libdriver-cm3.a(ssi.o)
 .text.SSIIntRegister
                0x00000000       0x1a /home/jesse/StellarisWare/driverlib/gcc-cm3/libdriver-cm3.a(ssi.o)
 .text.SSIIntUnregister
                0x00000000       0x16 /home/jesse/StellarisWare/driverlib/gcc-cm3/libdriver-cm3.a(ssi.o)
 .text.SSIIntEnable
                0x00000000        0x8 /home/jesse/StellarisWare/driverlib/gcc-cm3/libdriver-cm3.a(ssi.o)
 .text.SSIIntDisable
                0x00000000        0xa /home/jesse/StellarisWare/driverlib/gcc-cm3/libdriver-cm3.a(ssi.o)
 .text.SSIIntStatus
                0x00000000        0xa /home/jesse/StellarisWare/driverlib/gcc-cm3/libdriver-cm3.a(ssi.o)
 .text.SSIIntClear
                0x00000000        0x4 /home/jesse/StellarisWare/driverlib/gcc-cm3/libdriver-cm3.a(ssi.o)
 .text.SSIDataPutNonBlocking
                0x00000000       0x12 /home/jesse/StellarisWare/driverlib/gcc-cm3/libdriver-cm3.a(ssi.o)
 .text.SSIDMAEnable
                0x00000000        0x8 /home/jesse/StellarisWare/driverlib/gcc-cm3/libdriver-cm3.a(ssi.o)
 .text.SSIDMADisable
                0x00000000        0xa /home/jesse/StellarisWare/driverlib/gcc-cm3/libdriver-cm3.a(ssi.o)
 .text.SSIBusy  0x00000000        0x8 /home/jesse/StellarisWare/driverlib/gcc-cm3/libdriver-cm3.a(ssi.o)
 .text.SSIClockSourceSet
                0x00000000        0x6 /home/jesse/StellarisWare/driverlib/gcc-cm3/libdriver-cm3.a(ssi.o)
 .text.SSIClockSourceGet
                0x00000000        0x6 /home/jesse/StellarisWare/driverlib/gcc-cm3/libdriver-cm3.a(ssi.o)
 .rodata.g_ppulSSIIntMap
                0x00000000       0x20 /home/jesse/StellarisWare/driverlib/gcc-cm3/libdriver-cm3.a(ssi.o)
 .text          0x00000000        0x0 /home/jesse/StellarisWare/driverlib/gcc-cm3/libdriver-cm3.a(sysctl.o)
 .data          0x00000000        0x0 /home/jesse/StellarisWare/driverlib/gcc-cm3/libdriver-cm3.a(sysctl.o)
 .bss           0x00000000        0x0 /home/jesse/StellarisWare/driverlib/gcc-cm3/libdriver-cm3.a(sysctl.o)
 .text.SysCtlPeripheralMapToNew
                0x00000000       0x24 /home/jesse/StellarisWare/driverlib/gcc-cm3/libdriver-cm3.a(sysctl.o)
 .text.SysCtlSRAMSizeGet
                0x00000000       0x14 /home/jesse/StellarisWare/driverlib/gcc-cm3/libdriver-cm3.a(sysctl.o)
 .text.SysCtlFlashSizeGet
                0x00000000       0x14 /home/jesse/StellarisWare/driverlib/gcc-cm3/libdriver-cm3.a(sysctl.o)
 .text.SysCtlPinPresent
                0x00000000       0x14 /home/jesse/StellarisWare/driverlib/gcc-cm3/libdriver-cm3.a(sysctl.o)
 .text.SysCtlPeripheralPresent
                0x00000000       0x7c /home/jesse/StellarisWare/driverlib/gcc-cm3/libdriver-cm3.a(sysctl.o)
 .text.SysCtlPeripheralReady
                0x00000000       0x38 /home/jesse/StellarisWare/driverlib/gcc-cm3/libdriver-cm3.a(sysctl.o)
 .text.SysCtlPeripheralPowerOn
                0x00000000       0x38 /home/jesse/StellarisWare/driverlib/gcc-cm3/libdriver-cm3.a(sysctl.o)
 .text.SysCtlPeripheralPowerOff
                0x00000000       0x38 /home/jesse/StellarisWare/driverlib/gcc-cm3/libdriver-cm3.a(sysctl.o)
 .text.SysCtlPeripheralReset
                0x00000000       0x8c /home/jesse/StellarisWare/driverlib/gcc-cm3/libdriver-cm3.a(sysctl.o)
 .text.SysCtlPeripheralDisable
                0x00000000       0x5c /home/jesse/StellarisWare/driverlib/gcc-cm3/libdriver-cm3.a(sysctl.o)
 .text.SysCtlPeripheralSleepEnable
                0x00000000       0x5c /home/jesse/StellarisWare/driverlib/gcc-cm3/libdriver-cm3.a(sysctl.o)
 .text.SysCtlPeripheralSleepDisable
                0x00000000       0x5c /home/jesse/StellarisWare/driverlib/gcc-cm3/libdriver-cm3.a(sysctl.o)
 .text.SysCtlPeripheralDeepSleepEnable
                0x00000000       0x5c /home/jesse/StellarisWare/driverlib/gcc-cm3/libdriver-cm3.a(sysctl.o)
 .text.SysCtlPeripheralDeepSleepDisable
                0x00000000       0x5c /home/jesse/StellarisWare/driverlib/gcc-cm3/libdriver-cm3.a(sysctl.o)
 .text.SysCtlPeripheralClockGating
                0x00000000       0x1c /home/jesse/StellarisWare/driverlib/gcc-cm3/libdriver-cm3.a(sysctl.o)
 .text.SysCtlIntRegister
                0x00000000       0x14 /home/jesse/StellarisWare/driverlib/gcc-cm3/libdriver-cm3.a(sysctl.o)
 .text.SysCtlIntUnregister
                0x00000000       0x12 /home/jesse/StellarisWare/driverlib/gcc-cm3/libdriver-cm3.a(sysctl.o)
 .text.SysCtlIntEnable
                0x00000000       0x10 /home/jesse/StellarisWare/driverlib/gcc-cm3/libdriver-cm3.a(sysctl.o)
 .text.SysCtlIntDisable
                0x00000000       0x10 /home/jesse/StellarisWare/driverlib/gcc-cm3/libdriver-cm3.a(sysctl.o)
 .text.SysCtlIntClear
                0x00000000        0xc /home/jesse/StellarisWare/driverlib/gcc-cm3/libdriver-cm3.a(sysctl.o)
 .text.SysCtlIntStatus
                0x00000000       0x18 /home/jesse/StellarisWare/driverlib/gcc-cm3/libdriver-cm3.a(sysctl.o)
 .text.SysCtlLDOSet
                0x00000000        0xc /home/jesse/StellarisWare/driverlib/gcc-cm3/libdriver-cm3.a(sysctl.o)
 .text.SysCtlLDOGet
                0x00000000        0xc /home/jesse/StellarisWare/driverlib/gcc-cm3/libdriver-cm3.a(sysctl.o)
 .text.SysCtlLDOConfigSet
                0x00000000        0xc /home/jesse/StellarisWare/driverlib/gcc-cm3/libdriver-cm3.a(sysctl.o)
 .text.SysCtlReset
                0x00000000       0x10 /home/jesse/StellarisWare/driverlib/gcc-cm3/libdriver-cm3.a(sysctl.o)
 .text.SysCtlSleep
                0x00000000        0x4 /home/jesse/StellarisWare/driverlib/gcc-cm3/libdriver-cm3.a(sysctl.o)
 .text.SysCtlDeepSleep
                0x00000000       0x20 /home/jesse/StellarisWare/driverlib/gcc-cm3/libdriver-cm3.a(sysctl.o)
 .text.SysCtlResetCauseGet
                0x00000000        0xc /home/jesse/StellarisWare/driverlib/gcc-cm3/libdriver-cm3.a(sysctl.o)
 .text.SysCtlResetCauseClear
                0x00000000       0x10 /home/jesse/StellarisWare/driverlib/gcc-cm3/libdriver-cm3.a(sysctl.o)
 .text.SysCtlBrownOutConfigSet
                0x00000000       0x10 /home/jesse/StellarisWare/driverlib/gcc-cm3/libdriver-cm3.a(sysctl.o)
 .text.SysCtlMOSCConfigSet
                0x00000000        0xc /home/jesse/StellarisWare/driverlib/gcc-cm3/libdriver-cm3.a(sysctl.o)
 .text.SysCtlPIOSCCalibrate
                0x00000000       0x54 /home/jesse/StellarisWare/driverlib/gcc-cm3/libdriver-cm3.a(sysctl.o)
 .text.SysCtlDeepSleepClockSet
                0x00000000        0xc /home/jesse/StellarisWare/driverlib/gcc-cm3/libdriver-cm3.a(sysctl.o)
 .text.SysCtlPWMClockSet
                0x00000000       0x14 /home/jesse/StellarisWare/driverlib/gcc-cm3/libdriver-cm3.a(sysctl.o)
 .text.SysCtlPWMClockGet
                0x00000000       0x18 /home/jesse/StellarisWare/driverlib/gcc-cm3/libdriver-cm3.a(sysctl.o)
 .text.SysCtlADCSpeedSet
                0x00000000       0x20 /home/jesse/StellarisWare/driverlib/gcc-cm3/libdriver-cm3.a(sysctl.o)
 .text.SysCtlADCSpeedGet
                0x00000000       0x10 /home/jesse/StellarisWare/driverlib/gcc-cm3/libdriver-cm3.a(sysctl.o)
 .text.SysCtlIOSCVerificationSet
                0x00000000       0x1c /home/jesse/StellarisWare/driverlib/gcc-cm3/libdriver-cm3.a(sysctl.o)
 .text.SysCtlMOSCVerificationSet
                0x00000000       0x1c /home/jesse/StellarisWare/driverlib/gcc-cm3/libdriver-cm3.a(sysctl.o)
 .text.SysCtlPLLVerificationSet
                0x00000000       0x1c /home/jesse/StellarisWare/driverlib/gcc-cm3/libdriver-cm3.a(sysctl.o)
 .text.SysCtlClkVerificationClear
                0x00000000       0x10 /home/jesse/StellarisWare/driverlib/gcc-cm3/libdriver-cm3.a(sysctl.o)
 .text.SysCtlGPIOAHBEnable
                0x00000000       0x14 /home/jesse/StellarisWare/driverlib/gcc-cm3/libdriver-cm3.a(sysctl.o)
 .text.SysCtlGPIOAHBDisable
                0x00000000       0x14 /home/jesse/StellarisWare/driverlib/gcc-cm3/libdriver-cm3.a(sysctl.o)
 .text.SysCtlUSBPLLEnable
                0x00000000       0x10 /home/jesse/StellarisWare/driverlib/gcc-cm3/libdriver-cm3.a(sysctl.o)
 .text.SysCtlUSBPLLDisable
                0x00000000       0x10 /home/jesse/StellarisWare/driverlib/gcc-cm3/libdriver-cm3.a(sysctl.o)
 .text.SysCtlI2SMClkSet
                0x00000000       0xe0 /home/jesse/StellarisWare/driverlib/gcc-cm3/libdriver-cm3.a(sysctl.o)
 .bss.ulOscSelect
                0x00000000        0x4 /home/jesse/StellarisWare/driverlib/gcc-cm3/libdriver-cm3.a(sysctl.o)
 .bss.ulSysDiv  0x00000000        0x4 /home/jesse/StellarisWare/driverlib/gcc-cm3/libdriver-cm3.a(sysctl.o)
 .bss.ulOsc     0x00000000        0x4 /home/jesse/StellarisWare/driverlib/gcc-cm3/libdriver-cm3.a(sysctl.o)
 .rodata.g_pulDCRegs
                0x00000000       0x10 /home/jesse/StellarisWare/driverlib/gcc-cm3/libdriver-cm3.a(sysctl.o)
 .rodata.g_pulDCGCRegs
                0x00000000        0xc /home/jesse/StellarisWare/driverlib/gcc-cm3/libdriver-cm3.a(sysctl.o)
 .rodata.g_ppulPeripheralMap
                0x00000000      0x120 /home/jesse/StellarisWare/driverlib/gcc-cm3/libdriver-cm3.a(sysctl.o)
 .rodata.g_pulSCGCRegs
                0x00000000        0xc /home/jesse/StellarisWare/driverlib/gcc-cm3/libdriver-cm3.a(sysctl.o)
 .rodata.g_pulSRCRRegs
                0x00000000        0xc /home/jesse/StellarisWare/driverlib/gcc-cm3/libdriver-cm3.a(sysctl.o)
 .bss.bNewPLL   0x00000000        0x1 /home/jesse/StellarisWare/driverlib/gcc-cm3/libdriver-cm3.a(sysctl.o)
 .text          0x00000000        0x0 /home/jesse/StellarisWare/driverlib/gcc-cm3/libdriver-cm3.a(uart.o)
 .data          0x00000000        0x0 /home/jesse/StellarisWare/driverlib/gcc-cm3/libdriver-cm3.a(uart.o)
 .bss           0x00000000        0x0 /home/jesse/StellarisWare/driverlib/gcc-cm3/libdriver-cm3.a(uart.o)
 .text.UARTIntNumberGet
                0x00000000       0x28 /home/jesse/StellarisWare/driverlib/gcc-cm3/libdriver-cm3.a(uart.o)
 .text.UARTParityModeSet
                0x00000000        0xc /home/jesse/StellarisWare/driverlib/gcc-cm3/libdriver-cm3.a(uart.o)
 .text.UARTParityModeGet
                0x00000000        0x8 /home/jesse/StellarisWare/driverlib/gcc-cm3/libdriver-cm3.a(uart.o)
 .text.UARTFIFOLevelSet
                0x00000000        0x6 /home/jesse/StellarisWare/driverlib/gcc-cm3/libdriver-cm3.a(uart.o)
 .text.UARTFIFOLevelGet
                0x00000000       0x10 /home/jesse/StellarisWare/driverlib/gcc-cm3/libdriver-cm3.a(uart.o)
 .text.UARTConfigGetExpClk
                0x00000000       0x28 /home/jesse/StellarisWare/driverlib/gcc-cm3/libdriver-cm3.a(uart.o)
 .text.UARTFIFOEnable
                0x00000000        0xa /home/jesse/StellarisWare/driverlib/gcc-cm3/libdriver-cm3.a(uart.o)
 .text.UARTFIFODisable
                0x00000000        0xa /home/jesse/StellarisWare/driverlib/gcc-cm3/libdriver-cm3.a(uart.o)
 .text.UARTEnableSIR
                0x00000000       0x14 /home/jesse/StellarisWare/driverlib/gcc-cm3/libdriver-cm3.a(uart.o)
 .text.UARTDisableSIR
                0x00000000        0xa /home/jesse/StellarisWare/driverlib/gcc-cm3/libdriver-cm3.a(uart.o)
 .text.UARTSmartCardEnable
                0x00000000       0x16 /home/jesse/StellarisWare/driverlib/gcc-cm3/libdriver-cm3.a(uart.o)
 .text.UARTSmartCardDisable
                0x00000000        0xa /home/jesse/StellarisWare/driverlib/gcc-cm3/libdriver-cm3.a(uart.o)
 .text.UARTModemControlSet
                0x00000000        0xc /home/jesse/StellarisWare/driverlib/gcc-cm3/libdriver-cm3.a(uart.o)
 .text.UARTModemControlClear
                0x00000000        0xe /home/jesse/StellarisWare/driverlib/gcc-cm3/libdriver-cm3.a(uart.o)
 .text.UARTModemControlGet
                0x00000000        0x8 /home/jesse/StellarisWare/driverlib/gcc-cm3/libdriver-cm3.a(uart.o)
 .text.UARTModemStatusGet
                0x00000000        0xc /home/jesse/StellarisWare/driverlib/gcc-cm3/libdriver-cm3.a(uart.o)
 .text.UARTFlowControlSet
                0x00000000        0xc /home/jesse/StellarisWare/driverlib/gcc-cm3/libdriver-cm3.a(uart.o)
 .text.UARTFlowControlGet
                0x00000000        0x8 /home/jesse/StellarisWare/driverlib/gcc-cm3/libdriver-cm3.a(uart.o)
 .text.UARTTxIntModeSet
                0x00000000        0xc /home/jesse/StellarisWare/driverlib/gcc-cm3/libdriver-cm3.a(uart.o)
 .text.UARTTxIntModeGet
                0x00000000        0x8 /home/jesse/StellarisWare/driverlib/gcc-cm3/libdriver-cm3.a(uart.o)
 .text.UARTCharsAvail
                0x00000000       0x10 /home/jesse/StellarisWare/driverlib/gcc-cm3/libdriver-cm3.a(uart.o)
 .text.UARTSpaceAvail
                0x00000000       0x10 /home/jesse/StellarisWare/driverlib/gcc-cm3/libdriver-cm3.a(uart.o)
 .text.UARTCharGet
                0x00000000        0xc /home/jesse/StellarisWare/driverlib/gcc-cm3/libdriver-cm3.a(uart.o)
 .text.UARTCharPutNonBlocking
                0x00000000       0x12 /home/jesse/StellarisWare/driverlib/gcc-cm3/libdriver-cm3.a(uart.o)
 .text.UARTBreakCtl
                0x00000000       0x18 /home/jesse/StellarisWare/driverlib/gcc-cm3/libdriver-cm3.a(uart.o)
 .text.UARTBusy
                0x00000000        0x8 /home/jesse/StellarisWare/driverlib/gcc-cm3/libdriver-cm3.a(uart.o)
 .text.UARTIntRegister
                0x00000000       0x1a /home/jesse/StellarisWare/driverlib/gcc-cm3/libdriver-cm3.a(uart.o)
 .text.UARTIntUnregister
                0x00000000       0x16 /home/jesse/StellarisWare/driverlib/gcc-cm3/libdriver-cm3.a(uart.o)
 .text.UARTIntEnable
                0x00000000        0x8 /home/jesse/StellarisWare/driverlib/gcc-cm3/libdriver-cm3.a(uart.o)
 .text.UARTIntDisable
                0x00000000        0xa /home/jesse/StellarisWare/driverlib/gcc-cm3/libdriver-cm3.a(uart.o)
 .text.UARTIntStatus
                0x00000000        0xa /home/jesse/StellarisWare/driverlib/gcc-cm3/libdriver-cm3.a(uart.o)
 .text.UARTIntClear
                0x00000000        0x4 /home/jesse/StellarisWare/driverlib/gcc-cm3/libdriver-cm3.a(uart.o)
 .text.UARTDMAEnable
                0x00000000        0x8 /home/jesse/StellarisWare/driverlib/gcc-cm3/libdriver-cm3.a(uart.o)
 .text.UARTDMADisable
                0x00000000        0xa /home/jesse/StellarisWare/driverlib/gcc-cm3/libdriver-cm3.a(uart.o)
 .text.UARTRxErrorGet
                0x00000000        0x8 /home/jesse/StellarisWare/driverlib/gcc-cm3/libdriver-cm3.a(uart.o)
 .text.UARTRxErrorClear
                0x00000000        0x6 /home/jesse/StellarisWare/driverlib/gcc-cm3/libdriver-cm3.a(uart.o)
 .text.UARTClockSourceSet
                0x00000000        0x6 /home/jesse/StellarisWare/driverlib/gcc-cm3/libdriver-cm3.a(uart.o)
 .text.UARTClockSourceGet
                0x00000000        0x6 /home/jesse/StellarisWare/driverlib/gcc-cm3/libdriver-cm3.a(uart.o)
 .text.UART9BitEnable
                0x00000000        0xe /home/jesse/StellarisWare/driverlib/gcc-cm3/libdriver-cm3.a(uart.o)
 .text.UART9BitDisable
                0x00000000        0xe /home/jesse/StellarisWare/driverlib/gcc-cm3/libdriver-cm3.a(uart.o)
 .text.UART9BitAddrSet
                0x00000000        0xa /home/jesse/StellarisWare/driverlib/gcc-cm3/libdriver-cm3.a(uart.o)
 .text.UART9BitAddrSend
                0x00000000       0x28 /home/jesse/StellarisWare/driverlib/gcc-cm3/libdriver-cm3.a(uart.o)
 .rodata.g_ppulUARTIntMap
                0x00000000       0x40 /home/jesse/StellarisWare/driverlib/gcc-cm3/libdriver-cm3.a(uart.o)
 .text          0x00000000        0x0 /home/jesse/StellarisWare/driverlib/gcc-cm3/libdriver-cm3.a(cpu.o)
 .data          0x00000000        0x0 /home/jesse/StellarisWare/driverlib/gcc-cm3/libdriver-cm3.a(cpu.o)
 .bss           0x00000000        0x0 /home/jesse/StellarisWare/driverlib/gcc-cm3/libdriver-cm3.a(cpu.o)
 .text.CPUcpsid
                0x00000000        0x8 /home/jesse/StellarisWare/driverlib/gcc-cm3/libdriver-cm3.a(cpu.o)
 .text.CPUprimask
                0x00000000        0x6 /home/jesse/StellarisWare/driverlib/gcc-cm3/libdriver-cm3.a(cpu.o)
 .text.CPUwfi   0x00000000        0x4 /home/jesse/StellarisWare/driverlib/gcc-cm3/libdriver-cm3.a(cpu.o)
 .text.CPUbasepriSet
                0x00000000        0x6 /home/jesse/StellarisWare/driverlib/gcc-cm3/libdriver-cm3.a(cpu.o)
 .text.CPUbasepriGet
                0x00000000        0x6 /home/jesse/StellarisWare/driverlib/gcc-cm3/libdriver-cm3.a(cpu.o)
 .data          0x00000000        0x0 /home/jesse/CodeSourcery/Sourcery_G++_Lite_2010/bin/../lib/gcc/arm-none-eabi/4.4.1/../../../../arm-none-eabi/lib/thumb2/libc.a(lib_a-errno.o)
 .bss           0x00000000        0x0 /home/jesse/CodeSourcery/Sourcery_G++_Lite_2010/bin/../lib/gcc/arm-none-eabi/4.4.1/../../../../arm-none-eabi/lib/thumb2/libc.a(lib_a-errno.o)
 .data          0x00000000        0x0 /home/jesse/CodeSourcery/Sourcery_G++_Lite_2010/bin/../lib/gcc/arm-none-eabi/4.4.1/../../../../arm-none-eabi/lib/thumb2/libc.a(lib_a-exit.o)
 .bss           0x00000000        0x0 /home/jesse/CodeSourcery/Sourcery_G++_Lite_2010/bin/../lib/gcc/arm-none-eabi/4.4.1/../../../../arm-none-eabi/lib/thumb2/libc.a(lib_a-exit.o)
 .text          0x00000000        0x0 /home/jesse/CodeSourcery/Sourcery_G++_Lite_2010/bin/../lib/gcc/arm-none-eabi/4.4.1/../../../../arm-none-eabi/lib/thumb2/libc.a(lib_a-impure.o)
 .bss           0x00000000        0x0 /home/jesse/CodeSourcery/Sourcery_G++_Lite_2010/bin/../lib/gcc/arm-none-eabi/4.4.1/../../../../arm-none-eabi/lib/thumb2/libc.a(lib_a-impure.o)
 .data          0x00000000        0x0 /home/jesse/CodeSourcery/Sourcery_G++_Lite_2010/bin/../lib/gcc/arm-none-eabi/4.4.1/../../../../arm-none-eabi/lib/thumb2/libc.a(lib_a-iprintf.o)
 .bss           0x00000000        0x0 /home/jesse/CodeSourcery/Sourcery_G++_Lite_2010/bin/../lib/gcc/arm-none-eabi/4.4.1/../../../../arm-none-eabi/lib/thumb2/libc.a(lib_a-iprintf.o)
 .data          0x00000000        0x0 /home/jesse/CodeSourcery/Sourcery_G++_Lite_2010/bin/../lib/gcc/arm-none-eabi/4.4.1/../../../../arm-none-eabi/lib/thumb2/libc.a(lib_a-malloc.o)
 .bss           0x00000000        0x0 /home/jesse/CodeSourcery/Sourcery_G++_Lite_2010/bin/../lib/gcc/arm-none-eabi/4.4.1/../../../../arm-none-eabi/lib/thumb2/libc.a(lib_a-malloc.o)
 .data          0x00000000        0x0 /home/jesse/CodeSourcery/Sourcery_G++_Lite_2010/bin/../lib/gcc/arm-none-eabi/4.4.1/../../../../arm-none-eabi/lib/thumb2/libc.a(lib_a-mlock.o)
 .bss           0x00000000        0x0 /home/jesse/CodeSourcery/Sourcery_G++_Lite_2010/bin/../lib/gcc/arm-none-eabi/4.4.1/../../../../arm-none-eabi/lib/thumb2/libc.a(lib_a-mlock.o)
 .data          0x00000000        0x0 /home/jesse/CodeSourcery/Sourcery_G++_Lite_2010/bin/../lib/gcc/arm-none-eabi/4.4.1/../../../../arm-none-eabi/lib/thumb2/libc.a(lib_a-sbrkr.o)
 .bss           0x00000000        0x0 /home/jesse/CodeSourcery/Sourcery_G++_Lite_2010/bin/../lib/gcc/arm-none-eabi/4.4.1/../../../../arm-none-eabi/lib/thumb2/libc.a(lib_a-sbrkr.o)
 .data          0x00000000        0x0 /home/jesse/CodeSourcery/Sourcery_G++_Lite_2010/bin/../lib/gcc/arm-none-eabi/4.4.1/../../../../arm-none-eabi/lib/thumb2/libc.a(lib_a-vfiprintf.o)
 .bss           0x00000000        0x0 /home/jesse/CodeSourcery/Sourcery_G++_Lite_2010/bin/../lib/gcc/arm-none-eabi/4.4.1/../../../../arm-none-eabi/lib/thumb2/libc.a(lib_a-vfiprintf.o)
 .data          0x00000000        0x0 /home/jesse/CodeSourcery/Sourcery_G++_Lite_2010/bin/../lib/gcc/arm-none-eabi/4.4.1/../../../../arm-none-eabi/lib/thumb2/libc.a(lib_a-wsetup.o)
 .bss           0x00000000        0x0 /home/jesse/CodeSourcery/Sourcery_G++_Lite_2010/bin/../lib/gcc/arm-none-eabi/4.4.1/../../../../arm-none-eabi/lib/thumb2/libc.a(lib_a-wsetup.o)
 .data          0x00000000        0x0 /home/jesse/CodeSourcery/Sourcery_G++_Lite_2010/bin/../lib/gcc/arm-none-eabi/4.4.1/../../../../arm-none-eabi/lib/thumb2/libc.a(lib_a-__call_atexit.o)
 .bss           0x00000000        0x0 /home/jesse/CodeSourcery/Sourcery_G++_Lite_2010/bin/../lib/gcc/arm-none-eabi/4.4.1/../../../../arm-none-eabi/lib/thumb2/libc.a(lib_a-__call_atexit.o)
 .init_array.00000
                0x00000000        0x4 /home/jesse/CodeSourcery/Sourcery_G++_Lite_2010/bin/../lib/gcc/arm-none-eabi/4.4.1/../../../../arm-none-eabi/lib/thumb2/libc.a(lib_a-__call_atexit.o)
 .data          0x00000000        0x0 /home/jesse/CodeSourcery/Sourcery_G++_Lite_2010/bin/../lib/gcc/arm-none-eabi/4.4.1/../../../../arm-none-eabi/lib/thumb2/libc.a(lib_a-atexit.o)
 .bss           0x00000000        0x0 /home/jesse/CodeSourcery/Sourcery_G++_Lite_2010/bin/../lib/gcc/arm-none-eabi/4.4.1/../../../../arm-none-eabi/lib/thumb2/libc.a(lib_a-atexit.o)
 .data          0x00000000        0x0 /home/jesse/CodeSourcery/Sourcery_G++_Lite_2010/bin/../lib/gcc/arm-none-eabi/4.4.1/../../../../arm-none-eabi/lib/thumb2/libc.a(lib_a-fflush.o)
 .bss           0x00000000        0x0 /home/jesse/CodeSourcery/Sourcery_G++_Lite_2010/bin/../lib/gcc/arm-none-eabi/4.4.1/../../../../arm-none-eabi/lib/thumb2/libc.a(lib_a-fflush.o)
 .data          0x00000000        0x0 /home/jesse/CodeSourcery/Sourcery_G++_Lite_2010/bin/../lib/gcc/arm-none-eabi/4.4.1/../../../../arm-none-eabi/lib/thumb2/libc.a(lib_a-findfp.o)
 .bss           0x00000000        0x0 /home/jesse/CodeSourcery/Sourcery_G++_Lite_2010/bin/../lib/gcc/arm-none-eabi/4.4.1/../../../../arm-none-eabi/lib/thumb2/libc.a(lib_a-findfp.o)
 .data          0x00000000        0x0 /home/jesse/CodeSourcery/Sourcery_G++_Lite_2010/bin/../lib/gcc/arm-none-eabi/4.4.1/../../../../arm-none-eabi/lib/thumb2/libc.a(lib_a-fini.o)
 .bss           0x00000000        0x0 /home/jesse/CodeSourcery/Sourcery_G++_Lite_2010/bin/../lib/gcc/arm-none-eabi/4.4.1/../../../../arm-none-eabi/lib/thumb2/libc.a(lib_a-fini.o)
 .data          0x00000000        0x0 /home/jesse/CodeSourcery/Sourcery_G++_Lite_2010/bin/../lib/gcc/arm-none-eabi/4.4.1/../../../../arm-none-eabi/lib/thumb2/libc.a(lib_a-freer.o)
 .bss           0x00000000        0x0 /home/jesse/CodeSourcery/Sourcery_G++_Lite_2010/bin/../lib/gcc/arm-none-eabi/4.4.1/../../../../arm-none-eabi/lib/thumb2/libc.a(lib_a-freer.o)
 .data          0x00000000        0x0 /home/jesse/CodeSourcery/Sourcery_G++_Lite_2010/bin/../lib/gcc/arm-none-eabi/4.4.1/../../../../arm-none-eabi/lib/thumb2/libc.a(lib_a-fvwrite.o)
 .bss           0x00000000        0x0 /home/jesse/CodeSourcery/Sourcery_G++_Lite_2010/bin/../lib/gcc/arm-none-eabi/4.4.1/../../../../arm-none-eabi/lib/thumb2/libc.a(lib_a-fvwrite.o)
 .data          0x00000000        0x0 /home/jesse/CodeSourcery/Sourcery_G++_Lite_2010/bin/../lib/gcc/arm-none-eabi/4.4.1/../../../../arm-none-eabi/lib/thumb2/libc.a(lib_a-fwalk.o)
 .bss           0x00000000        0x0 /home/jesse/CodeSourcery/Sourcery_G++_Lite_2010/bin/../lib/gcc/arm-none-eabi/4.4.1/../../../../arm-none-eabi/lib/thumb2/libc.a(lib_a-fwalk.o)
 .data          0x00000000        0x0 /home/jesse/CodeSourcery/Sourcery_G++_Lite_2010/bin/../lib/gcc/arm-none-eabi/4.4.1/../../../../arm-none-eabi/lib/thumb2/libc.a(lib_a-makebuf.o)
 .bss           0x00000000        0x0 /home/jesse/CodeSourcery/Sourcery_G++_Lite_2010/bin/../lib/gcc/arm-none-eabi/4.4.1/../../../../arm-none-eabi/lib/thumb2/libc.a(lib_a-makebuf.o)
 .data          0x00000000        0x0 /home/jesse/CodeSourcery/Sourcery_G++_Lite_2010/bin/../lib/gcc/arm-none-eabi/4.4.1/../../../../arm-none-eabi/lib/thumb2/libc.a(lib_a-memchr.o)
 .bss           0x00000000        0x0 /home/jesse/CodeSourcery/Sourcery_G++_Lite_2010/bin/../lib/gcc/arm-none-eabi/4.4.1/../../../../arm-none-eabi/lib/thumb2/libc.a(lib_a-memchr.o)
 .data          0x00000000        0x0 /home/jesse/CodeSourcery/Sourcery_G++_Lite_2010/bin/../lib/gcc/arm-none-eabi/4.4.1/../../../../arm-none-eabi/lib/thumb2/libc.a(lib_a-memcpy.o)
 .bss           0x00000000        0x0 /home/jesse/CodeSourcery/Sourcery_G++_Lite_2010/bin/../lib/gcc/arm-none-eabi/4.4.1/../../../../arm-none-eabi/lib/thumb2/libc.a(lib_a-memcpy.o)
 .data          0x00000000        0x0 /home/jesse/CodeSourcery/Sourcery_G++_Lite_2010/bin/../lib/gcc/arm-none-eabi/4.4.1/../../../../arm-none-eabi/lib/thumb2/libc.a(lib_a-memmove.o)
 .bss           0x00000000        0x0 /home/jesse/CodeSourcery/Sourcery_G++_Lite_2010/bin/../lib/gcc/arm-none-eabi/4.4.1/../../../../arm-none-eabi/lib/thumb2/libc.a(lib_a-memmove.o)
 .data          0x00000000        0x0 /home/jesse/CodeSourcery/Sourcery_G++_Lite_2010/bin/../lib/gcc/arm-none-eabi/4.4.1/../../../../arm-none-eabi/lib/thumb2/libc.a(lib_a-memset.o)
 .bss           0x00000000        0x0 /home/jesse/CodeSourcery/Sourcery_G++_Lite_2010/bin/../lib/gcc/arm-none-eabi/4.4.1/../../../../arm-none-eabi/lib/thumb2/libc.a(lib_a-memset.o)
 .data          0x00000000        0x0 /home/jesse/CodeSourcery/Sourcery_G++_Lite_2010/bin/../lib/gcc/arm-none-eabi/4.4.1/../../../../arm-none-eabi/lib/thumb2/libc.a(lib_a-reallocr.o)
 .bss           0x00000000        0x0 /home/jesse/CodeSourcery/Sourcery_G++_Lite_2010/bin/../lib/gcc/arm-none-eabi/4.4.1/../../../../arm-none-eabi/lib/thumb2/libc.a(lib_a-reallocr.o)
 .text          0x00000000      0x10c /home/jesse/CodeSourcery/Sourcery_G++_Lite_2010/bin/../lib/gcc/arm-none-eabi/4.4.1/../../../../arm-none-eabi/lib/thumb2/libc.a(lib_a-reent.o)
 .data          0x00000000        0x0 /home/jesse/CodeSourcery/Sourcery_G++_Lite_2010/bin/../lib/gcc/arm-none-eabi/4.4.1/../../../../arm-none-eabi/lib/thumb2/libc.a(lib_a-reent.o)
 .bss           0x00000000        0x0 /home/jesse/CodeSourcery/Sourcery_G++_Lite_2010/bin/../lib/gcc/arm-none-eabi/4.4.1/../../../../arm-none-eabi/lib/thumb2/libc.a(lib_a-reent.o)
 .data          0x00000000        0x0 /home/jesse/CodeSourcery/Sourcery_G++_Lite_2010/bin/../lib/gcc/arm-none-eabi/4.4.1/../../../../arm-none-eabi/lib/thumb2/libc.a(lib_a-stdio.o)
 .bss           0x00000000        0x0 /home/jesse/CodeSourcery/Sourcery_G++_Lite_2010/bin/../lib/gcc/arm-none-eabi/4.4.1/../../../../arm-none-eabi/lib/thumb2/libc.a(lib_a-stdio.o)
 .data          0x00000000        0x0 /home/jesse/CodeSourcery/Sourcery_G++_Lite_2010/bin/../lib/gcc/arm-none-eabi/4.4.1/../../../../arm-none-eabi/lib/thumb2/libc.a(lib_a-strlen.o)
 .bss           0x00000000        0x0 /home/jesse/CodeSourcery/Sourcery_G++_Lite_2010/bin/../lib/gcc/arm-none-eabi/4.4.1/../../../../arm-none-eabi/lib/thumb2/libc.a(lib_a-strlen.o)
 .data          0x00000000        0x0 /home/jesse/CodeSourcery/Sourcery_G++_Lite_2010/bin/../lib/gcc/arm-none-eabi/4.4.1/../../../../arm-none-eabi/lib/thumb2/libc.a(lib_a-writer.o)
 .bss           0x00000000        0x0 /home/jesse/CodeSourcery/Sourcery_G++_Lite_2010/bin/../lib/gcc/arm-none-eabi/4.4.1/../../../../arm-none-eabi/lib/thumb2/libc.a(lib_a-writer.o)
 .data          0x00000000        0x0 /home/jesse/CodeSourcery/Sourcery_G++_Lite_2010/bin/../lib/gcc/arm-none-eabi/4.4.1/../../../../arm-none-eabi/lib/thumb2/libc.a(lib_a-__atexit.o)
 .bss           0x00000000        0x0 /home/jesse/CodeSourcery/Sourcery_G++_Lite_2010/bin/../lib/gcc/arm-none-eabi/4.4.1/../../../../arm-none-eabi/lib/thumb2/libc.a(lib_a-__atexit.o)
 .data          0x00000000        0x0 /home/jesse/CodeSourcery/Sourcery_G++_Lite_2010/bin/../lib/gcc/arm-none-eabi/4.4.1/../../../../arm-none-eabi/lib/thumb2/libc.a(lib_a-closer.o)
 .bss           0x00000000        0x0 /home/jesse/CodeSourcery/Sourcery_G++_Lite_2010/bin/../lib/gcc/arm-none-eabi/4.4.1/../../../../arm-none-eabi/lib/thumb2/libc.a(lib_a-closer.o)
 .data          0x00000000        0x0 /home/jesse/CodeSourcery/Sourcery_G++_Lite_2010/bin/../lib/gcc/arm-none-eabi/4.4.1/../../../../arm-none-eabi/lib/thumb2/libc.a(lib_a-fclose.o)
 .bss           0x00000000        0x0 /home/jesse/CodeSourcery/Sourcery_G++_Lite_2010/bin/../lib/gcc/arm-none-eabi/4.4.1/../../../../arm-none-eabi/lib/thumb2/libc.a(lib_a-fclose.o)
 .data          0x00000000        0x0 /home/jesse/CodeSourcery/Sourcery_G++_Lite_2010/bin/../lib/gcc/arm-none-eabi/4.4.1/../../../../arm-none-eabi/lib/thumb2/libc.a(lib_a-fstatr.o)
 .bss           0x00000000        0x0 /home/jesse/CodeSourcery/Sourcery_G++_Lite_2010/bin/../lib/gcc/arm-none-eabi/4.4.1/../../../../arm-none-eabi/lib/thumb2/libc.a(lib_a-fstatr.o)
 .data          0x00000000        0x0 /home/jesse/CodeSourcery/Sourcery_G++_Lite_2010/bin/../lib/gcc/arm-none-eabi/4.4.1/../../../../arm-none-eabi/lib/thumb2/libc.a(lib_a-isattyr.o)
 .bss           0x00000000        0x0 /home/jesse/CodeSourcery/Sourcery_G++_Lite_2010/bin/../lib/gcc/arm-none-eabi/4.4.1/../../../../arm-none-eabi/lib/thumb2/libc.a(lib_a-isattyr.o)
 .data          0x00000000        0x0 /home/jesse/CodeSourcery/Sourcery_G++_Lite_2010/bin/../lib/gcc/arm-none-eabi/4.4.1/../../../../arm-none-eabi/lib/thumb2/libc.a(lib_a-lseekr.o)
 .bss           0x00000000        0x0 /home/jesse/CodeSourcery/Sourcery_G++_Lite_2010/bin/../lib/gcc/arm-none-eabi/4.4.1/../../../../arm-none-eabi/lib/thumb2/libc.a(lib_a-lseekr.o)
 .data          0x00000000        0x0 /home/jesse/CodeSourcery/Sourcery_G++_Lite_2010/bin/../lib/gcc/arm-none-eabi/4.4.1/../../../../arm-none-eabi/lib/thumb2/libc.a(lib_a-readr.o)
 .bss           0x00000000        0x0 /home/jesse/CodeSourcery/Sourcery_G++_Lite_2010/bin/../lib/gcc/arm-none-eabi/4.4.1/../../../../arm-none-eabi/lib/thumb2/libc.a(lib_a-readr.o)
 .data          0x00000000        0x0 /home/jesse/CodeSourcery/Sourcery_G++_Lite_2010/bin/../lib/gcc/arm-none-eabi/4.4.1/thumb2/libgcc.a(_aeabi_uldivmod.o)
 .bss           0x00000000        0x0 /home/jesse/CodeSourcery/Sourcery_G++_Lite_2010/bin/../lib/gcc/arm-none-eabi/4.4.1/thumb2/libgcc.a(_aeabi_uldivmod.o)
 .data          0x00000000        0x0 /home/jesse/CodeSourcery/Sourcery_G++_Lite_2010/bin/../lib/gcc/arm-none-eabi/4.4.1/thumb2/libgcc.a(bpabi.o)
 .bss           0x00000000        0x0 /home/jesse/CodeSourcery/Sourcery_G++_Lite_2010/bin/../lib/gcc/arm-none-eabi/4.4.1/thumb2/libgcc.a(bpabi.o)
 .data          0x00000000        0x0 /home/jesse/CodeSourcery/Sourcery_G++_Lite_2010/bin/../lib/gcc/arm-none-eabi/4.4.1/thumb2/libgcc.a(_dvmd_tls.o)
 .bss           0x00000000        0x0 /home/jesse/CodeSourcery/Sourcery_G++_Lite_2010/bin/../lib/gcc/arm-none-eabi/4.4.1/thumb2/libgcc.a(_dvmd_tls.o)
 .data          0x00000000        0x0 /home/jesse/CodeSourcery/Sourcery_G++_Lite_2010/bin/../lib/gcc/arm-none-eabi/4.4.1/thumb2/libgcc.a(_divdi3.o)
 .bss           0x00000000        0x0 /home/jesse/CodeSourcery/Sourcery_G++_Lite_2010/bin/../lib/gcc/arm-none-eabi/4.4.1/thumb2/libgcc.a(_divdi3.o)
 .ARM.extab     0x00000000        0x0 /home/jesse/CodeSourcery/Sourcery_G++_Lite_2010/bin/../lib/gcc/arm-none-eabi/4.4.1/thumb2/libgcc.a(_divdi3.o)
 .data          0x00000000        0x0 /home/jesse/CodeSourcery/Sourcery_G++_Lite_2010/bin/../lib/gcc/arm-none-eabi/4.4.1/thumb2/libgcc.a(_udivdi3.o)
 .bss           0x00000000        0x0 /home/jesse/CodeSourcery/Sourcery_G++_Lite_2010/bin/../lib/gcc/arm-none-eabi/4.4.1/thumb2/libgcc.a(_udivdi3.o)
 .ARM.extab     0x00000000        0x0 /home/jesse/CodeSourcery/Sourcery_G++_Lite_2010/bin/../lib/gcc/arm-none-eabi/4.4.1/thumb2/libgcc.a(_udivdi3.o)
 .data          0x00000000        0x0 /home/jesse/CodeSourcery/Sourcery_G++_Lite_2010/bin/../lib/gcc/arm-none-eabi/4.4.1/thumb2/libgcc.a(_udivsi3.o)
 .bss           0x00000000        0x0 /home/jesse/CodeSourcery/Sourcery_G++_Lite_2010/bin/../lib/gcc/arm-none-eabi/4.4.1/thumb2/libgcc.a(_udivsi3.o)
 .text          0x00000000        0x0 /home/jesse/CodeSourcery/Sourcery_G++_Lite_2010/bin/../lib/gcc/arm-none-eabi/4.4.1/thumb2/crtend.o
 .data          0x00000000        0x0 /home/jesse/CodeSourcery/Sourcery_G++_Lite_2010/bin/../lib/gcc/arm-none-eabi/4.4.1/thumb2/crtend.o
 .bss           0x00000000        0x0 /home/jesse/CodeSourcery/Sourcery_G++_Lite_2010/bin/../lib/gcc/arm-none-eabi/4.4.1/thumb2/crtend.o
 .jcr           0x00000000        0x4 /home/jesse/CodeSourcery/Sourcery_G++_Lite_2010/bin/../lib/gcc/arm-none-eabi/4.4.1/thumb2/crtend.o
 .text          0x00000000        0x0 /home/jesse/CodeSourcery/Sourcery_G++_Lite_2010/bin/../lib/gcc/arm-none-eabi/4.4.1/thumb2/crtn.o
 .data          0x00000000        0x0 /home/jesse/CodeSourcery/Sourcery_G++_Lite_2010/bin/../lib/gcc/arm-none-eabi/4.4.1/thumb2/crtn.o
 .bss           0x00000000        0x0 /home/jesse/CodeSourcery/Sourcery_G++_Lite_2010/bin/../lib/gcc/arm-none-eabi/4.4.1/thumb2/crtn.o
 .init          0x00000000        0x8 /home/jesse/CodeSourcery/Sourcery_G++_Lite_2010/bin/../lib/gcc/arm-none-eabi/4.4.1/thumb2/crtn.o
 .fini          0x00000000        0x8 /home/jesse/CodeSourcery/Sourcery_G++_Lite_2010/bin/../lib/gcc/arm-none-eabi/4.4.1/thumb2/crtn.o

Memory Configuration

Name             Origin             Length             Attributes
FLASH            0x00000000         0x00040000         xr
SRAM             0x20000000         0x00010000         xrw
*default*        0x00000000         0xffffffff

Linker script and memory map

LOAD /home/jesse/CodeSourcery/Sourcery_G++_Lite_2010/bin/../lib/gcc/arm-none-eabi/4.4.1/thumb2/crti.o
LOAD /home/jesse/CodeSourcery/Sourcery_G++_Lite_2010/bin/../lib/gcc/arm-none-eabi/4.4.1/thumb2/crtbegin.o
LOAD /tmp/ccKRjFSm.o
LOAD /tmp/ccKI8TPx.o
LOAD /tmp/ccWPwm2Q.o
LOAD /tmp/cc0kvuIp.o
LOAD /tmp/ccaXlvdZ.o
LOAD /tmp/ccwlYndE.o
LOAD /home/jesse/StellarisWare/driverlib/gcc-cm3/libdriver-cm3.a
START GROUP
LOAD /home/jesse/CodeSourcery/Sourcery_G++_Lite_2010/bin/../lib/gcc/arm-none-eabi/4.4.1/thumb2/libgcc.a
LOAD /home/jesse/CodeSourcery/Sourcery_G++_Lite_2010/bin/../lib/gcc/arm-none-eabi/4.4.1/../../../../arm-none-eabi/lib/thumb2/libc.a
END GROUP
LOAD /home/jesse/CodeSourcery/Sourcery_G++_Lite_2010/bin/../lib/gcc/arm-none-eabi/4.4.1/thumb2/crtend.o
LOAD /home/jesse/CodeSourcery/Sourcery_G++_Lite_2010/bin/../lib/gcc/arm-none-eabi/4.4.1/thumb2/crtn.o

.text           0x00000000     0x485c
                0x00000000                _text = .
 *(.isr_vector)
 .isr_vector    0x00000000       0xf0 /tmp/ccKI8TPx.o
                0x00000000                g_pfnVectors
 *(.text*)
 .text          0x000000f0      0x260 /tmp/ccKRjFSm.o
                0x000000f0                lock_init
                0x000000fe                lock_acquire
                0x0000014c                lock_release
                0x0000015e                yield
                0x00000162                threadStarter
                0x00000190                systick_init
                0x000001b0                save_registers
                0x000001bc                restore_registers
                0x000001d6                scheduler_handler
                0x00000228                initialize_threads
                0x00000270                periphs_init
                0x00000304                main
 .text          0x00000350       0x48 /tmp/ccKI8TPx.o
                0x00000356                ResetISR
 .text          0x00000398       0xd8 /tmp/ccWPwm2Q.o
                0x00000398                _lseek
                0x0000039c                _open
                0x000003a4                _close
                0x000003a8                _exit
                0x000003aa                _kill
                0x000003ae                _getpid
                0x000003b2                _fstat
                0x000003b6                _stat
                0x000003bc                _link
                0x000003c2                _unlink
                0x000003c8                _raise
                0x000003ca                _gettimeofday
                0x000003ce                _times
                0x000003d2                _isatty
                0x000003d6                _rename
                0x000003e6                _system
                0x000003fa                _sbrk
                0x0000042c                _write
                0x0000044c                _read
 .text          0x00000470      0x368 /tmp/cc0kvuIp.o
                0x000004b0                RIT128x96x4DisplayOff
                0x000004bc                RIT128x96x4DisplayOn
                0x0000051c                RIT128x96x4ImageDraw
                0x00000584                RIT128x96x4StringDraw
                0x0000065c                RIT128x96x4Clear
                0x000006b0                RIT128x96x4Disable
                0x000006f8                RIT128x96x4Enable
                0x00000754                RIT128x96x4Init
 .text          0x000007d8       0x3c /tmp/ccaXlvdZ.o
                0x000007d8                createThread
 .text          0x00000814      0x13c /tmp/ccwlYndE.o
                0x00000814                thread2_LED
                0x0000083c                thread4_UART
                0x0000088c                thread1_UART
                0x000008dc                thread3_OLED
 .text.GPIODirModeSet
                0x00000950       0x2e /home/jesse/StellarisWare/driverlib/gcc-cm3/libdriver-cm3.a(gpio.o)
                0x00000950                GPIODirModeSet
 .text.GPIOPadConfigSet
                0x0000097e       0xc8 /home/jesse/StellarisWare/driverlib/gcc-cm3/libdriver-cm3.a(gpio.o)
                0x0000097e                GPIOPadConfigSet
 .text.GPIOPinWrite
                0x00000a46        0x6 /home/jesse/StellarisWare/driverlib/gcc-cm3/libdriver-cm3.a(gpio.o)
                0x00000a46                GPIOPinWrite
 .text.GPIOPinTypeGPIOOutput
                0x00000a4c       0x1c /home/jesse/StellarisWare/driverlib/gcc-cm3/libdriver-cm3.a(gpio.o)
                0x00000a4c                GPIOPinTypeGPIOOutput
 .text.GPIOPinTypeSSI
                0x00000a68       0x1c /home/jesse/StellarisWare/driverlib/gcc-cm3/libdriver-cm3.a(gpio.o)
                0x00000a68                GPIOPinTypeSSI
 .text.GPIOPinTypeUART
                0x00000a84       0x1c /home/jesse/StellarisWare/driverlib/gcc-cm3/libdriver-cm3.a(gpio.o)
                0x00000a84                GPIOPinTypeUART
 .text.IntMasterEnable
                0x00000aa0        0xa /home/jesse/StellarisWare/driverlib/gcc-cm3/libdriver-cm3.a(interrupt.o)
                0x00000aa0                IntMasterEnable
 .text.SSIConfigSetExpClk
                0x00000aaa       0x4a /home/jesse/StellarisWare/driverlib/gcc-cm3/libdriver-cm3.a(ssi.o)
                0x00000aaa                SSIConfigSetExpClk
 .text.SSIEnable
                0x00000af4        0xa /home/jesse/StellarisWare/driverlib/gcc-cm3/libdriver-cm3.a(ssi.o)
                0x00000af4                SSIEnable
 .text.SSIDisable
                0x00000afe        0xa /home/jesse/StellarisWare/driverlib/gcc-cm3/libdriver-cm3.a(ssi.o)
                0x00000afe                SSIDisable
 .text.SSIDataPut
                0x00000b08        0xc /home/jesse/StellarisWare/driverlib/gcc-cm3/libdriver-cm3.a(ssi.o)
                0x00000b08                SSIDataPut
 .text.SSIDataGet
                0x00000b14        0xe /home/jesse/StellarisWare/driverlib/gcc-cm3/libdriver-cm3.a(ssi.o)
                0x00000b14                SSIDataGet
 .text.SSIDataGetNonBlocking
                0x00000b22       0x14 /home/jesse/StellarisWare/driverlib/gcc-cm3/libdriver-cm3.a(ssi.o)
                0x00000b22                SSIDataGetNonBlocking
 *fill*         0x00000b36        0x2 00
 .text.SysCtlPeripheralEnable
                0x00000b38       0x5c /home/jesse/StellarisWare/driverlib/gcc-cm3/libdriver-cm3.a(sysctl.o)
                0x00000b38                SysCtlPeripheralEnable
 .text.SysCtlDelay
                0x00000b94        0x6 /home/jesse/StellarisWare/driverlib/gcc-cm3/libdriver-cm3.a(sysctl.o)
                0x00000b94                SysCtlDelay
 *fill*         0x00000b9a        0x2 00
 .text.SysCtlClockSet
                0x00000b9c      0x174 /home/jesse/StellarisWare/driverlib/gcc-cm3/libdriver-cm3.a(sysctl.o)
                0x00000b9c                SysCtlClockSet
 .text.SysCtlClockGet
                0x00000d10      0x1dc /home/jesse/StellarisWare/driverlib/gcc-cm3/libdriver-cm3.a(sysctl.o)
                0x00000d10                SysCtlClockGet
 .text.UARTEnable
                0x00000eec       0x16 /home/jesse/StellarisWare/driverlib/gcc-cm3/libdriver-cm3.a(uart.o)
                0x00000eec                UARTEnable
 .text.UARTDisable
                0x00000f02       0x1e /home/jesse/StellarisWare/driverlib/gcc-cm3/libdriver-cm3.a(uart.o)
                0x00000f02                UARTDisable
 .text.UARTConfigSetExpClk
                0x00000f20       0x4e /home/jesse/StellarisWare/driverlib/gcc-cm3/libdriver-cm3.a(uart.o)
                0x00000f20                UARTConfigSetExpClk
 .text.UARTCharGetNonBlocking
                0x00000f6e       0x10 /home/jesse/StellarisWare/driverlib/gcc-cm3/libdriver-cm3.a(uart.o)
                0x00000f6e                UARTCharGetNonBlocking
 .text.UARTCharPut
                0x00000f7e        0xc /home/jesse/StellarisWare/driverlib/gcc-cm3/libdriver-cm3.a(uart.o)
                0x00000f7e                UARTCharPut
 .text.CPUcpsie
                0x00000f8a        0x8 /home/jesse/StellarisWare/driverlib/gcc-cm3/libdriver-cm3.a(cpu.o)
                0x00000f8a                CPUcpsie
 *fill*         0x00000f92        0x2 00
 .text          0x00000f94        0xc /home/jesse/CodeSourcery/Sourcery_G++_Lite_2010/bin/../lib/gcc/arm-none-eabi/4.4.1/../../../../arm-none-eabi/lib/thumb2/libc.a(lib_a-errno.o)
                0x00000f94                __errno
 .text          0x00000fa0       0x20 /home/jesse/CodeSourcery/Sourcery_G++_Lite_2010/bin/../lib/gcc/arm-none-eabi/4.4.1/../../../../arm-none-eabi/lib/thumb2/libc.a(lib_a-exit.o)
                0x00000fa0                exit
 .text          0x00000fc0       0x64 /home/jesse/CodeSourcery/Sourcery_G++_Lite_2010/bin/../lib/gcc/arm-none-eabi/4.4.1/../../../../arm-none-eabi/lib/thumb2/libc.a(lib_a-iprintf.o)
                0x00000fc0                _iprintf_r
                0x00000fec                iprintf
 .text          0x00001024       0x20 /home/jesse/CodeSourcery/Sourcery_G++_Lite_2010/bin/../lib/gcc/arm-none-eabi/4.4.1/../../../../arm-none-eabi/lib/thumb2/libc.a(lib_a-malloc.o)
                0x00001024                free
                0x00001034                malloc
 .text          0x00001044      0x5a4 /home/jesse/CodeSourcery/Sourcery_G++_Lite_2010/bin/../lib/gcc/arm-none-eabi/4.4.1/../../../../arm-none-eabi/lib/thumb2/libc.a(lib_a-mallocr.o)
                0x00001044                _malloc_r
 .text          0x000015e8        0x8 /home/jesse/CodeSourcery/Sourcery_G++_Lite_2010/bin/../lib/gcc/arm-none-eabi/4.4.1/../../../../arm-none-eabi/lib/thumb2/libc.a(lib_a-mlock.o)
                0x000015e8                __malloc_lock
                0x000015ec                __malloc_unlock
 .text          0x000015f0       0x28 /home/jesse/CodeSourcery/Sourcery_G++_Lite_2010/bin/../lib/gcc/arm-none-eabi/4.4.1/../../../../arm-none-eabi/lib/thumb2/libc.a(lib_a-sbrkr.o)
                0x000015f0                _sbrk_r
 .text          0x00001618      0xd38 /home/jesse/CodeSourcery/Sourcery_G++_Lite_2010/bin/../lib/gcc/arm-none-eabi/4.4.1/../../../../arm-none-eabi/lib/thumb2/libc.a(lib_a-vfiprintf.o)
                0x00001634                _vfiprintf_r
                0x00002334                vfiprintf
 .text          0x00002350      0x104 /home/jesse/CodeSourcery/Sourcery_G++_Lite_2010/bin/../lib/gcc/arm-none-eabi/4.4.1/../../../../arm-none-eabi/lib/thumb2/libc.a(lib_a-wsetup.o)
                0x00002350                __swsetup_r
 .text          0x00002454      0x130 /home/jesse/CodeSourcery/Sourcery_G++_Lite_2010/bin/../lib/gcc/arm-none-eabi/4.4.1/../../../../arm-none-eabi/lib/thumb2/libc.a(lib_a-__call_atexit.o)
                0x00002454                __call_exitprocs
 .text          0x00002584        0xc /home/jesse/CodeSourcery/Sourcery_G++_Lite_2010/bin/../lib/gcc/arm-none-eabi/4.4.1/../../../../arm-none-eabi/lib/thumb2/libc.a(lib_a-atexit.o)
                0x00002584                atexit
 .text          0x00002590      0x178 /home/jesse/CodeSourcery/Sourcery_G++_Lite_2010/bin/../lib/gcc/arm-none-eabi/4.4.1/../../../../arm-none-eabi/lib/thumb2/libc.a(lib_a-fflush.o)
                0x00002590                _fflush_r
                0x000026e0                fflush
 .text          0x00002708      0x1c8 /home/jesse/CodeSourcery/Sourcery_G++_Lite_2010/bin/../lib/gcc/arm-none-eabi/4.4.1/../../../../arm-none-eabi/lib/thumb2/libc.a(lib_a-findfp.o)
                0x00002708                __sfp_lock_acquire
                0x0000270c                __sfp_lock_release
                0x00002710                __sinit_lock_acquire
                0x00002714                __sinit_lock_release
                0x00002720                __fp_unlock_all
                0x00002738                __fp_lock_all
                0x00002750                _cleanup_r
                0x0000275c                _cleanup
                0x000027b8                __sfmoreglue
                0x000027e8                __sfp
                0x00002870                __sinit
 .text          0x000028d0       0x30 /home/jesse/CodeSourcery/Sourcery_G++_Lite_2010/bin/../lib/gcc/arm-none-eabi/4.4.1/../../../../arm-none-eabi/lib/thumb2/libc.a(lib_a-fini.o)
                0x000028d0                __libc_fini_array
 .text          0x00002900      0x268 /home/jesse/CodeSourcery/Sourcery_G++_Lite_2010/bin/../lib/gcc/arm-none-eabi/4.4.1/../../../../arm-none-eabi/lib/thumb2/libc.a(lib_a-freer.o)
                0x00002900                _malloc_trim_r
                0x000029a8                _free_r
 .text          0x00002b68      0x334 /home/jesse/CodeSourcery/Sourcery_G++_Lite_2010/bin/../lib/gcc/arm-none-eabi/4.4.1/../../../../arm-none-eabi/lib/thumb2/libc.a(lib_a-fvwrite.o)
                0x00002b68                __sfvwrite_r
 .text          0x00002e9c       0xa0 /home/jesse/CodeSourcery/Sourcery_G++_Lite_2010/bin/../lib/gcc/arm-none-eabi/4.4.1/../../../../arm-none-eabi/lib/thumb2/libc.a(lib_a-fwalk.o)
                0x00002e9c                _fwalk_reent
                0x00002ef0                _fwalk
 .text          0x00002f3c       0xdc /home/jesse/CodeSourcery/Sourcery_G++_Lite_2010/bin/../lib/gcc/arm-none-eabi/4.4.1/../../../../arm-none-eabi/lib/thumb2/libc.a(lib_a-makebuf.o)
                0x00002f3c                __smakebuf_r
 .text          0x00003018       0x74 /home/jesse/CodeSourcery/Sourcery_G++_Lite_2010/bin/../lib/gcc/arm-none-eabi/4.4.1/../../../../arm-none-eabi/lib/thumb2/libc.a(lib_a-memchr.o)
                0x00003018                memchr
 .text          0x0000308c      0x190 /home/jesse/CodeSourcery/Sourcery_G++_Lite_2010/bin/../lib/gcc/arm-none-eabi/4.4.1/../../../../arm-none-eabi/lib/thumb2/libc.a(lib_a-memcpy.o)
                0x0000308c                memcpy
 .text          0x0000321c       0xb8 /home/jesse/CodeSourcery/Sourcery_G++_Lite_2010/bin/../lib/gcc/arm-none-eabi/4.4.1/../../../../arm-none-eabi/lib/thumb2/libc.a(lib_a-memmove.o)
                0x0000321c                memmove
 .text          0x000032d4       0xd4 /home/jesse/CodeSourcery/Sourcery_G++_Lite_2010/bin/../lib/gcc/arm-none-eabi/4.4.1/../../../../arm-none-eabi/lib/thumb2/libc.a(lib_a-memset.o)
                0x000032d4                memset
 .text          0x000033a8      0x3b4 /home/jesse/CodeSourcery/Sourcery_G++_Lite_2010/bin/../lib/gcc/arm-none-eabi/4.4.1/../../../../arm-none-eabi/lib/thumb2/libc.a(lib_a-reallocr.o)
                0x000033a8                _realloc_r
 .text          0x0000375c       0x90 /home/jesse/CodeSourcery/Sourcery_G++_Lite_2010/bin/../lib/gcc/arm-none-eabi/4.4.1/../../../../arm-none-eabi/lib/thumb2/libc.a(lib_a-stdio.o)
                0x0000375c                __sclose
                0x00003764                __sseek
                0x0000378c                __swrite
                0x000037c8                __sread
 .text          0x000037ec       0x60 /home/jesse/CodeSourcery/Sourcery_G++_Lite_2010/bin/../lib/gcc/arm-none-eabi/4.4.1/../../../../arm-none-eabi/lib/thumb2/libc.a(lib_a-strlen.o)
                0x000037ec                strlen
 .text          0x0000384c       0x2c /home/jesse/CodeSourcery/Sourcery_G++_Lite_2010/bin/../lib/gcc/arm-none-eabi/4.4.1/../../../../arm-none-eabi/lib/thumb2/libc.a(lib_a-writer.o)
                0x0000384c                _write_r
 .text          0x00003878       0xe8 /home/jesse/CodeSourcery/Sourcery_G++_Lite_2010/bin/../lib/gcc/arm-none-eabi/4.4.1/../../../../arm-none-eabi/lib/thumb2/libc.a(lib_a-__atexit.o)
                0x00003878                __register_exitproc
 .text          0x00003960       0x28 /home/jesse/CodeSourcery/Sourcery_G++_Lite_2010/bin/../lib/gcc/arm-none-eabi/4.4.1/../../../../arm-none-eabi/lib/thumb2/libc.a(lib_a-closer.o)
                0x00003960                _close_r
 .text          0x00003988       0xcc /home/jesse/CodeSourcery/Sourcery_G++_Lite_2010/bin/../lib/gcc/arm-none-eabi/4.4.1/../../../../arm-none-eabi/lib/thumb2/libc.a(lib_a-fclose.o)
                0x00003988                _fclose_r
                0x00003a44                fclose
 .text          0x00003a54       0x2c /home/jesse/CodeSourcery/Sourcery_G++_Lite_2010/bin/../lib/gcc/arm-none-eabi/4.4.1/../../../../arm-none-eabi/lib/thumb2/libc.a(lib_a-fstatr.o)
                0x00003a54                _fstat_r
 .text          0x00003a80       0x28 /home/jesse/CodeSourcery/Sourcery_G++_Lite_2010/bin/../lib/gcc/arm-none-eabi/4.4.1/../../../../arm-none-eabi/lib/thumb2/libc.a(lib_a-isattyr.o)
                0x00003a80                _isatty_r
 .text          0x00003aa8       0x2c /home/jesse/CodeSourcery/Sourcery_G++_Lite_2010/bin/../lib/gcc/arm-none-eabi/4.4.1/../../../../arm-none-eabi/lib/thumb2/libc.a(lib_a-lseekr.o)
                0x00003aa8                _lseek_r
 .text          0x00003ad4       0x2c /home/jesse/CodeSourcery/Sourcery_G++_Lite_2010/bin/../lib/gcc/arm-none-eabi/4.4.1/../../../../arm-none-eabi/lib/thumb2/libc.a(lib_a-readr.o)
                0x00003ad4                _read_r
 .text          0x00003b00       0x2c /home/jesse/CodeSourcery/Sourcery_G++_Lite_2010/bin/../lib/gcc/arm-none-eabi/4.4.1/thumb2/libgcc.a(_aeabi_uldivmod.o)
                0x00003b00                __aeabi_uldivmod
 .text          0x00003b2c       0x58 /home/jesse/CodeSourcery/Sourcery_G++_Lite_2010/bin/../lib/gcc/arm-none-eabi/4.4.1/thumb2/libgcc.a(bpabi.o)
                0x00003b2c                __gnu_uldivmod_helper
                0x00003b58                __gnu_ldivmod_helper
 .text          0x00003b84        0x4 /home/jesse/CodeSourcery/Sourcery_G++_Lite_2010/bin/../lib/gcc/arm-none-eabi/4.4.1/thumb2/libgcc.a(_dvmd_tls.o)
                0x00003b84                __aeabi_ldiv0
                0x00003b84                __aeabi_idiv0
 .text          0x00003b88      0x364 /home/jesse/CodeSourcery/Sourcery_G++_Lite_2010/bin/../lib/gcc/arm-none-eabi/4.4.1/thumb2/libgcc.a(_divdi3.o)
                0x00003b88                __divdi3
 .text          0x00003eec      0x300 /home/jesse/CodeSourcery/Sourcery_G++_Lite_2010/bin/../lib/gcc/arm-none-eabi/4.4.1/thumb2/libgcc.a(_udivdi3.o)
                0x00003eec                __udivdi3
 *fill*         0x000041ec        0x4 00
 .text          0x000041f0      0x278 /home/jesse/CodeSourcery/Sourcery_G++_Lite_2010/bin/../lib/gcc/arm-none-eabi/4.4.1/thumb2/libgcc.a(_udivsi3.o)
                0x000041f0                __udivsi3
                0x000041f0                __aeabi_uidiv
                0x0000444c                __aeabi_uidivmod
 *(.rodata*)
 .rodata        0x00004468       0x10 /tmp/ccKRjFSm.o
 .rodata.str1.1
                0x00004478       0x23 /tmp/ccKRjFSm.o
 *fill*         0x0000449b        0x1 00
 .rodata        0x0000449c      0x244 /tmp/cc0kvuIp.o
 .rodata.str1.1
                0x000046e0       0x49 /tmp/ccwlYndE.o
 *fill*         0x00004729        0x3 00
 .rodata.g_pulXtals
                0x0000472c       0x6c /home/jesse/StellarisWare/driverlib/gcc-cm3/libdriver-cm3.a(sysctl.o)
 .rodata.g_pulRCGCRegs
                0x00004798        0xc /home/jesse/StellarisWare/driverlib/gcc-cm3/libdriver-cm3.a(sysctl.o)
 .rodata        0x000047a4        0x4 /home/jesse/CodeSourcery/Sourcery_G++_Lite_2010/bin/../lib/gcc/arm-none-eabi/4.4.1/../../../../arm-none-eabi/lib/thumb2/libc.a(lib_a-impure.o)
                0x000047a4                _global_impure_ptr
 .rodata.str1.4
                0x000047a8        0x2 /home/jesse/CodeSourcery/Sourcery_G++_Lite_2010/bin/../lib/gcc/arm-none-eabi/4.4.1/../../../../arm-none-eabi/lib/thumb2/libc.a(lib_a-impure.o)
                                  0x4 (size before relaxing)
 *fill*         0x000047aa        0x2 00
 .rodata        0x000047ac       0x20 /home/jesse/CodeSourcery/Sourcery_G++_Lite_2010/bin/../lib/gcc/arm-none-eabi/4.4.1/../../../../arm-none-eabi/lib/thumb2/libc.a(lib_a-vfiprintf.o)
 .rodata.str1.4
                0x000047cc       0x30 /home/jesse/CodeSourcery/Sourcery_G++_Lite_2010/bin/../lib/gcc/arm-none-eabi/4.4.1/../../../../arm-none-eabi/lib/thumb2/libc.a(lib_a-vfiprintf.o)
 .rodata        0x000047fc       0x60 /home/jesse/CodeSourcery/Sourcery_G++_Lite_2010/bin/../lib/gcc/arm-none-eabi/4.4.1/../../../../arm-none-eabi/lib/thumb2/libc.a(lib_a-findfp.o)
                0x000047fc                __sf_fake_stdin
                0x0000481c                __sf_fake_stdout
                0x0000483c                __sf_fake_stderr

.glue_7         0x0000485c        0x0
 .glue_7        0x00000000        0x0 linker stubs

.glue_7t        0x0000485c        0x0
 .glue_7t       0x00000000        0x0 linker stubs

.vfp11_veneer   0x0000485c        0x0
 .vfp11_veneer  0x00000000        0x0 linker stubs

.v4_bx          0x0000485c        0x0
 .v4_bx         0x00000000        0x0 linker stubs

.fini           0x0000485c        0x4
 .fini          0x0000485c        0x4 /home/jesse/CodeSourcery/Sourcery_G++_Lite_2010/bin/../lib/gcc/arm-none-eabi/4.4.1/thumb2/crti.o
                0x0000485c                _fini

.ARM.exidx      0x00004860        0x8
 *(.ARM.exidx)
 .ARM.exidx     0x00004860        0x8 /home/jesse/CodeSourcery/Sourcery_G++_Lite_2010/bin/../lib/gcc/arm-none-eabi/4.4.1/thumb2/libgcc.a(_divdi3.o)
 .ARM.exidx     0x00004868        0x0 /home/jesse/CodeSourcery/Sourcery_G++_Lite_2010/bin/../lib/gcc/arm-none-eabi/4.4.1/thumb2/libgcc.a(_udivdi3.o)
                                  0x8 (size before relaxing)
                0x00004868                _etext = .

.data           0x20000000      0x504 load address 0x00004868
                0x20000000                _data = .
 *(vtable)
 *(.data*)
 .data          0x20000000       0xf4 /home/jesse/CodeSourcery/Sourcery_G++_Lite_2010/bin/../lib/gcc/arm-none-eabi/4.4.1/../../../../arm-none-eabi/lib/thumb2/libc.a(lib_a-impure.o)
                0x20000000                _impure_ptr
 .data          0x200000f4      0x410 /home/jesse/CodeSourcery/Sourcery_G++_Lite_2010/bin/../lib/gcc/arm-none-eabi/4.4.1/../../../../arm-none-eabi/lib/thumb2/libc.a(lib_a-mallocr.o)
                0x200000f4                __malloc_av_
                0x200004fc                __malloc_sbrk_base
                0x20000500                __malloc_trim_threshold
                0x20000504                _edata = .

.bss            0x20000504      0x31c load address 0x00004d6c
                0x20000504                _bss = .
 *(.bss*)
 .bss           0x20000504      0x2a0 /tmp/ccKRjFSm.o
 .bss           0x200007a4        0xc /tmp/cc0kvuIp.o
 .bss           0x200007b0       0x34 /home/jesse/CodeSourcery/Sourcery_G++_Lite_2010/bin/../lib/gcc/arm-none-eabi/4.4.1/../../../../arm-none-eabi/lib/thumb2/libc.a(lib_a-mallocr.o)
                0x200007b0                __malloc_top_pad
                0x200007b4                __malloc_current_mallinfo
                0x200007dc                __malloc_max_sbrked_mem
                0x200007e0                __malloc_max_total_mem
 *(COMMON)
 COMMON         0x200007e4       0x34 /tmp/ccKRjFSm.o
                0x200007e4                UART0_lock
                0x200007f0                LED_lock
                0x200007fc                OLED_lock
                0x20000808                currThread
                0x2000080c                UART1_lock
 COMMON         0x20000818        0x4 /tmp/ccWPwm2Q.o
                0x20000818                heap_end
 COMMON         0x2000081c        0x4 /home/jesse/CodeSourcery/Sourcery_G++_Lite_2010/bin/../lib/gcc/arm-none-eabi/4.4.1/../../../../arm-none-eabi/lib/thumb2/libc.a(lib_a-reent.o)
                0x2000081c                errno
                0x20000820                _ebss = .
                0x20000820                end = .
OUTPUT(./gcc/Project3.elf elf32-littlearm)

.ARM.attributes
                0x00000000       0x25
 .ARM.attributes
                0x00000000       0x19 /home/jesse/CodeSourcery/Sourcery_G++_Lite_2010/bin/../lib/gcc/arm-none-eabi/4.4.1/thumb2/crti.o
 .ARM.attributes
                0x00000019       0x29 /home/jesse/CodeSourcery/Sourcery_G++_Lite_2010/bin/../lib/gcc/arm-none-eabi/4.4.1/thumb2/crtbegin.o
 .ARM.attributes
                0x00000042       0x31 /tmp/ccKRjFSm.o
 .ARM.attributes
                0x00000073       0x31 /tmp/ccKI8TPx.o
 .ARM.attributes
                0x000000a4       0x31 /tmp/ccWPwm2Q.o
 .ARM.attributes
                0x000000d5       0x31 /tmp/cc0kvuIp.o
 .ARM.attributes
                0x00000106       0x1b /tmp/ccaXlvdZ.o
 .ARM.attributes
                0x00000121       0x31 /tmp/ccwlYndE.o
 .ARM.attributes
                0x00000152       0x31 /home/jesse/StellarisWare/driverlib/gcc-cm3/libdriver-cm3.a(gpio.o)
 .ARM.attributes
                0x00000183       0x31 /home/jesse/StellarisWare/driverlib/gcc-cm3/libdriver-cm3.a(interrupt.o)
 .ARM.attributes
                0x000001b4       0x31 /home/jesse/StellarisWare/driverlib/gcc-cm3/libdriver-cm3.a(ssi.o)
 .ARM.attributes
                0x000001e5       0x31 /home/jesse/StellarisWare/driverlib/gcc-cm3/libdriver-cm3.a(sysctl.o)
 .ARM.attributes
                0x00000216       0x31 /home/jesse/StellarisWare/driverlib/gcc-cm3/libdriver-cm3.a(uart.o)
 .ARM.attributes
                0x00000247       0x31 /home/jesse/StellarisWare/driverlib/gcc-cm3/libdriver-cm3.a(cpu.o)
 .ARM.attributes
                0x00000278       0x29 /home/jesse/CodeSourcery/Sourcery_G++_Lite_2010/bin/../lib/gcc/arm-none-eabi/4.4.1/../../../../arm-none-eabi/lib/thumb2/libc.a(lib_a-errno.o)
 .ARM.attributes
                0x000002a1       0x29 /home/jesse/CodeSourcery/Sourcery_G++_Lite_2010/bin/../lib/gcc/arm-none-eabi/4.4.1/../../../../arm-none-eabi/lib/thumb2/libc.a(lib_a-exit.o)
 .ARM.attributes
                0x000002ca       0x29 /home/jesse/CodeSourcery/Sourcery_G++_Lite_2010/bin/../lib/gcc/arm-none-eabi/4.4.1/../../../../arm-none-eabi/lib/thumb2/libc.a(lib_a-impure.o)
 .ARM.attributes
                0x000002f3       0x29 /home/jesse/CodeSourcery/Sourcery_G++_Lite_2010/bin/../lib/gcc/arm-none-eabi/4.4.1/../../../../arm-none-eabi/lib/thumb2/libc.a(lib_a-iprintf.o)
 .ARM.attributes
                0x0000031c       0x29 /home/jesse/CodeSourcery/Sourcery_G++_Lite_2010/bin/../lib/gcc/arm-none-eabi/4.4.1/../../../../arm-none-eabi/lib/thumb2/libc.a(lib_a-malloc.o)
 .ARM.attributes
                0x00000345       0x29 /home/jesse/CodeSourcery/Sourcery_G++_Lite_2010/bin/../lib/gcc/arm-none-eabi/4.4.1/../../../../arm-none-eabi/lib/thumb2/libc.a(lib_a-mallocr.o)
 .ARM.attributes
                0x0000036e       0x29 /home/jesse/CodeSourcery/Sourcery_G++_Lite_2010/bin/../lib/gcc/arm-none-eabi/4.4.1/../../../../arm-none-eabi/lib/thumb2/libc.a(lib_a-mlock.o)
 .ARM.attributes
                0x00000397       0x29 /home/jesse/CodeSourcery/Sourcery_G++_Lite_2010/bin/../lib/gcc/arm-none-eabi/4.4.1/../../../../arm-none-eabi/lib/thumb2/libc.a(lib_a-sbrkr.o)
 .ARM.attributes
                0x000003c0       0x29 /home/jesse/CodeSourcery/Sourcery_G++_Lite_2010/bin/../lib/gcc/arm-none-eabi/4.4.1/../../../../arm-none-eabi/lib/thumb2/libc.a(lib_a-vfiprintf.o)
 .ARM.attributes
                0x000003e9       0x29 /home/jesse/CodeSourcery/Sourcery_G++_Lite_2010/bin/../lib/gcc/arm-none-eabi/4.4.1/../../../../arm-none-eabi/lib/thumb2/libc.a(lib_a-wsetup.o)
 .ARM.attributes
                0x00000412       0x29 /home/jesse/CodeSourcery/Sourcery_G++_Lite_2010/bin/../lib/gcc/arm-none-eabi/4.4.1/../../../../arm-none-eabi/lib/thumb2/libc.a(lib_a-__call_atexit.o)
 .ARM.attributes
                0x0000043b       0x29 /home/jesse/CodeSourcery/Sourcery_G++_Lite_2010/bin/../lib/gcc/arm-none-eabi/4.4.1/../../../../arm-none-eabi/lib/thumb2/libc.a(lib_a-atexit.o)
 .ARM.attributes
                0x00000464       0x29 /home/jesse/CodeSourcery/Sourcery_G++_Lite_2010/bin/../lib/gcc/arm-none-eabi/4.4.1/../../../../arm-none-eabi/lib/thumb2/libc.a(lib_a-fflush.o)
 .ARM.attributes
                0x0000048d       0x29 /home/jesse/CodeSourcery/Sourcery_G++_Lite_2010/bin/../lib/gcc/arm-none-eabi/4.4.1/../../../../arm-none-eabi/lib/thumb2/libc.a(lib_a-findfp.o)
 .ARM.attributes
                0x000004b6       0x29 /home/jesse/CodeSourcery/Sourcery_G++_Lite_2010/bin/../lib/gcc/arm-none-eabi/4.4.1/../../../../arm-none-eabi/lib/thumb2/libc.a(lib_a-fini.o)
 .ARM.attributes
                0x000004df       0x29 /home/jesse/CodeSourcery/Sourcery_G++_Lite_2010/bin/../lib/gcc/arm-none-eabi/4.4.1/../../../../arm-none-eabi/lib/thumb2/libc.a(lib_a-freer.o)
 .ARM.attributes
                0x00000508       0x29 /home/jesse/CodeSourcery/Sourcery_G++_Lite_2010/bin/../lib/gcc/arm-none-eabi/4.4.1/../../../../arm-none-eabi/lib/thumb2/libc.a(lib_a-fvwrite.o)
 .ARM.attributes
                0x00000531       0x29 /home/jesse/CodeSourcery/Sourcery_G++_Lite_2010/bin/../lib/gcc/arm-none-eabi/4.4.1/../../../../arm-none-eabi/lib/thumb2/libc.a(lib_a-fwalk.o)
 .ARM.attributes
                0x0000055a       0x29 /home/jesse/CodeSourcery/Sourcery_G++_Lite_2010/bin/../lib/gcc/arm-none-eabi/4.4.1/../../../../arm-none-eabi/lib/thumb2/libc.a(lib_a-makebuf.o)
 .ARM.attributes
                0x00000583       0x29 /home/jesse/CodeSourcery/Sourcery_G++_Lite_2010/bin/../lib/gcc/arm-none-eabi/4.4.1/../../../../arm-none-eabi/lib/thumb2/libc.a(lib_a-memchr.o)
 .ARM.attributes
                0x000005ac       0x29 /home/jesse/CodeSourcery/Sourcery_G++_Lite_2010/bin/../lib/gcc/arm-none-eabi/4.4.1/../../../../arm-none-eabi/lib/thumb2/libc.a(lib_a-memcpy.o)
 .ARM.attributes
                0x000005d5       0x29 /home/jesse/CodeSourcery/Sourcery_G++_Lite_2010/bin/../lib/gcc/arm-none-eabi/4.4.1/../../../../arm-none-eabi/lib/thumb2/libc.a(lib_a-memmove.o)
 .ARM.attributes
                0x000005fe       0x29 /home/jesse/CodeSourcery/Sourcery_G++_Lite_2010/bin/../lib/gcc/arm-none-eabi/4.4.1/../../../../arm-none-eabi/lib/thumb2/libc.a(lib_a-memset.o)
 .ARM.attributes
                0x00000627       0x29 /home/jesse/CodeSourcery/Sourcery_G++_Lite_2010/bin/../lib/gcc/arm-none-eabi/4.4.1/../../../../arm-none-eabi/lib/thumb2/libc.a(lib_a-reallocr.o)
 .ARM.attributes
                0x00000650       0x29 /home/jesse/CodeSourcery/Sourcery_G++_Lite_2010/bin/../lib/gcc/arm-none-eabi/4.4.1/../../../../arm-none-eabi/lib/thumb2/libc.a(lib_a-reent.o)
 .ARM.attributes
                0x00000679       0x29 /home/jesse/CodeSourcery/Sourcery_G++_Lite_2010/bin/../lib/gcc/arm-none-eabi/4.4.1/../../../../arm-none-eabi/lib/thumb2/libc.a(lib_a-stdio.o)
 .ARM.attributes
                0x000006a2       0x29 /home/jesse/CodeSourcery/Sourcery_G++_Lite_2010/bin/../lib/gcc/arm-none-eabi/4.4.1/../../../../arm-none-eabi/lib/thumb2/libc.a(lib_a-strlen.o)
 .ARM.attributes
                0x000006cb       0x29 /home/jesse/CodeSourcery/Sourcery_G++_Lite_2010/bin/../lib/gcc/arm-none-eabi/4.4.1/../../../../arm-none-eabi/lib/thumb2/libc.a(lib_a-writer.o)
 .ARM.attributes
                0x000006f4       0x29 /home/jesse/CodeSourcery/Sourcery_G++_Lite_2010/bin/../lib/gcc/arm-none-eabi/4.4.1/../../../../arm-none-eabi/lib/thumb2/libc.a(lib_a-__atexit.o)
 .ARM.attributes
                0x0000071d       0x29 /home/jesse/CodeSourcery/Sourcery_G++_Lite_2010/bin/../lib/gcc/arm-none-eabi/4.4.1/../../../../arm-none-eabi/lib/thumb2/libc.a(lib_a-closer.o)
 .ARM.attributes
                0x00000746       0x29 /home/jesse/CodeSourcery/Sourcery_G++_Lite_2010/bin/../lib/gcc/arm-none-eabi/4.4.1/../../../../arm-none-eabi/lib/thumb2/libc.a(lib_a-fclose.o)
 .ARM.attributes
                0x0000076f       0x29 /home/jesse/CodeSourcery/Sourcery_G++_Lite_2010/bin/../lib/gcc/arm-none-eabi/4.4.1/../../../../arm-none-eabi/lib/thumb2/libc.a(lib_a-fstatr.o)
 .ARM.attributes
                0x00000798       0x29 /home/jesse/CodeSourcery/Sourcery_G++_Lite_2010/bin/../lib/gcc/arm-none-eabi/4.4.1/../../../../arm-none-eabi/lib/thumb2/libc.a(lib_a-isattyr.o)
 .ARM.attributes
                0x000007c1       0x29 /home/jesse/CodeSourcery/Sourcery_G++_Lite_2010/bin/../lib/gcc/arm-none-eabi/4.4.1/../../../../arm-none-eabi/lib/thumb2/libc.a(lib_a-lseekr.o)
 .ARM.attributes
                0x000007ea       0x29 /home/jesse/CodeSourcery/Sourcery_G++_Lite_2010/bin/../lib/gcc/arm-none-eabi/4.4.1/../../../../arm-none-eabi/lib/thumb2/libc.a(lib_a-readr.o)
 .ARM.attributes
                0x00000813       0x1b /home/jesse/CodeSourcery/Sourcery_G++_Lite_2010/bin/../lib/gcc/arm-none-eabi/4.4.1/thumb2/libgcc.a(_aeabi_uldivmod.o)
 .ARM.attributes
                0x0000082e       0x29 /home/jesse/CodeSourcery/Sourcery_G++_Lite_2010/bin/../lib/gcc/arm-none-eabi/4.4.1/thumb2/libgcc.a(bpabi.o)
 .ARM.attributes
                0x00000857       0x1b /home/jesse/CodeSourcery/Sourcery_G++_Lite_2010/bin/../lib/gcc/arm-none-eabi/4.4.1/thumb2/libgcc.a(_dvmd_tls.o)
 .ARM.attributes
                0x00000872       0x29 /home/jesse/CodeSourcery/Sourcery_G++_Lite_2010/bin/../lib/gcc/arm-none-eabi/4.4.1/thumb2/libgcc.a(_divdi3.o)
 .ARM.attributes
                0x0000089b       0x29 /home/jesse/CodeSourcery/Sourcery_G++_Lite_2010/bin/../lib/gcc/arm-none-eabi/4.4.1/thumb2/libgcc.a(_udivdi3.o)
 .ARM.attributes
                0x000008c4       0x1b /home/jesse/CodeSourcery/Sourcery_G++_Lite_2010/bin/../lib/gcc/arm-none-eabi/4.4.1/thumb2/libgcc.a(_udivsi3.o)
 .ARM.attributes
                0x000008df       0x29 /home/jesse/CodeSourcery/Sourcery_G++_Lite_2010/bin/../lib/gcc/arm-none-eabi/4.4.1/thumb2/crtend.o
 .ARM.attributes
                0x00000908       0x19 /home/jesse/CodeSourcery/Sourcery_G++_Lite_2010/bin/../lib/gcc/arm-none-eabi/4.4.1/thumb2/crtn.o

.comment        0x00000000      0x102
 .comment       0x00000000       0x2b /tmp/ccKRjFSm.o
 .comment       0x0000002b       0x2b /tmp/ccKI8TPx.o
 .comment       0x00000056       0x2b /tmp/ccWPwm2Q.o
 .comment       0x00000081       0x2b /tmp/cc0kvuIp.o
 .comment       0x000000ac       0x2b /tmp/ccwlYndE.o
 .comment       0x000000d7       0x2b /home/jesse/StellarisWare/driverlib/gcc-cm3/libdriver-cm3.a(gpio.o)
                                 0x2c (size before relaxing)
 .comment       0x00000000       0x2c /home/jesse/StellarisWare/driverlib/gcc-cm3/libdriver-cm3.a(interrupt.o)
 .comment       0x00000000       0x2c /home/jesse/StellarisWare/driverlib/gcc-cm3/libdriver-cm3.a(ssi.o)
 .comment       0x00000000       0x2c /home/jesse/StellarisWare/driverlib/gcc-cm3/libdriver-cm3.a(sysctl.o)
 .comment       0x00000000       0x2c /home/jesse/StellarisWare/driverlib/gcc-cm3/libdriver-cm3.a(uart.o)
 .comment       0x00000000       0x2c /home/jesse/StellarisWare/driverlib/gcc-cm3/libdriver-cm3.a(cpu.o)

.debug_frame    0x00000000      0x950
 .debug_frame   0x00000000       0x20 /home/jesse/CodeSourcery/Sourcery_G++_Lite_2010/bin/../lib/gcc/arm-none-eabi/4.4.1/../../../../arm-none-eabi/lib/thumb2/libc.a(lib_a-errno.o)
 .debug_frame   0x00000020       0x28 /home/jesse/CodeSourcery/Sourcery_G++_Lite_2010/bin/../lib/gcc/arm-none-eabi/4.4.1/../../../../arm-none-eabi/lib/thumb2/libc.a(lib_a-exit.o)
 .debug_frame   0x00000048       0x5c /home/jesse/CodeSourcery/Sourcery_G++_Lite_2010/bin/../lib/gcc/arm-none-eabi/4.4.1/../../../../arm-none-eabi/lib/thumb2/libc.a(lib_a-iprintf.o)
 .debug_frame   0x000000a4       0x30 /home/jesse/CodeSourcery/Sourcery_G++_Lite_2010/bin/../lib/gcc/arm-none-eabi/4.4.1/../../../../arm-none-eabi/lib/thumb2/libc.a(lib_a-malloc.o)
 .debug_frame   0x000000d4       0x3c /home/jesse/CodeSourcery/Sourcery_G++_Lite_2010/bin/../lib/gcc/arm-none-eabi/4.4.1/../../../../arm-none-eabi/lib/thumb2/libc.a(lib_a-mallocr.o)
 .debug_frame   0x00000110       0x30 /home/jesse/CodeSourcery/Sourcery_G++_Lite_2010/bin/../lib/gcc/arm-none-eabi/4.4.1/../../../../arm-none-eabi/lib/thumb2/libc.a(lib_a-mlock.o)
 .debug_frame   0x00000140       0x2c /home/jesse/CodeSourcery/Sourcery_G++_Lite_2010/bin/../lib/gcc/arm-none-eabi/4.4.1/../../../../arm-none-eabi/lib/thumb2/libc.a(lib_a-sbrkr.o)
 .debug_frame   0x0000016c       0x70 /home/jesse/CodeSourcery/Sourcery_G++_Lite_2010/bin/../lib/gcc/arm-none-eabi/4.4.1/../../../../arm-none-eabi/lib/thumb2/libc.a(lib_a-vfiprintf.o)
 .debug_frame   0x000001dc       0x2c /home/jesse/CodeSourcery/Sourcery_G++_Lite_2010/bin/../lib/gcc/arm-none-eabi/4.4.1/../../../../arm-none-eabi/lib/thumb2/libc.a(lib_a-wsetup.o)
 .debug_frame   0x00000208       0x4c /home/jesse/CodeSourcery/Sourcery_G++_Lite_2010/bin/../lib/gcc/arm-none-eabi/4.4.1/../../../../arm-none-eabi/lib/thumb2/libc.a(lib_a-__call_atexit.o)
 .debug_frame   0x00000254       0x20 /home/jesse/CodeSourcery/Sourcery_G++_Lite_2010/bin/../lib/gcc/arm-none-eabi/4.4.1/../../../../arm-none-eabi/lib/thumb2/libc.a(lib_a-atexit.o)
 .debug_frame   0x00000274       0x40 /home/jesse/CodeSourcery/Sourcery_G++_Lite_2010/bin/../lib/gcc/arm-none-eabi/4.4.1/../../../../arm-none-eabi/lib/thumb2/libc.a(lib_a-fflush.o)
 .debug_frame   0x000002b4      0x11c /home/jesse/CodeSourcery/Sourcery_G++_Lite_2010/bin/../lib/gcc/arm-none-eabi/4.4.1/../../../../arm-none-eabi/lib/thumb2/libc.a(lib_a-findfp.o)
 .debug_frame   0x000003d0       0x2c /home/jesse/CodeSourcery/Sourcery_G++_Lite_2010/bin/../lib/gcc/arm-none-eabi/4.4.1/../../../../arm-none-eabi/lib/thumb2/libc.a(lib_a-fini.o)
 .debug_frame   0x000003fc       0x50 /home/jesse/CodeSourcery/Sourcery_G++_Lite_2010/bin/../lib/gcc/arm-none-eabi/4.4.1/../../../../arm-none-eabi/lib/thumb2/libc.a(lib_a-freer.o)
 .debug_frame   0x0000044c       0x3c /home/jesse/CodeSourcery/Sourcery_G++_Lite_2010/bin/../lib/gcc/arm-none-eabi/4.4.1/../../../../arm-none-eabi/lib/thumb2/libc.a(lib_a-fvwrite.o)
 .debug_frame   0x00000488       0x54 /home/jesse/CodeSourcery/Sourcery_G++_Lite_2010/bin/../lib/gcc/arm-none-eabi/4.4.1/../../../../arm-none-eabi/lib/thumb2/libc.a(lib_a-fwalk.o)
 .debug_frame   0x000004dc       0x34 /home/jesse/CodeSourcery/Sourcery_G++_Lite_2010/bin/../lib/gcc/arm-none-eabi/4.4.1/../../../../arm-none-eabi/lib/thumb2/libc.a(lib_a-makebuf.o)
 .debug_frame   0x00000510       0x28 /home/jesse/CodeSourcery/Sourcery_G++_Lite_2010/bin/../lib/gcc/arm-none-eabi/4.4.1/../../../../arm-none-eabi/lib/thumb2/libc.a(lib_a-memchr.o)
 .debug_frame   0x00000538       0x34 /home/jesse/CodeSourcery/Sourcery_G++_Lite_2010/bin/../lib/gcc/arm-none-eabi/4.4.1/../../../../arm-none-eabi/lib/thumb2/libc.a(lib_a-memcpy.o)
 .debug_frame   0x0000056c       0x2c /home/jesse/CodeSourcery/Sourcery_G++_Lite_2010/bin/../lib/gcc/arm-none-eabi/4.4.1/../../../../arm-none-eabi/lib/thumb2/libc.a(lib_a-memmove.o)
 .debug_frame   0x00000598       0x28 /home/jesse/CodeSourcery/Sourcery_G++_Lite_2010/bin/../lib/gcc/arm-none-eabi/4.4.1/../../../../arm-none-eabi/lib/thumb2/libc.a(lib_a-memset.o)
 .debug_frame   0x000005c0       0x3c /home/jesse/CodeSourcery/Sourcery_G++_Lite_2010/bin/../lib/gcc/arm-none-eabi/4.4.1/../../../../arm-none-eabi/lib/thumb2/libc.a(lib_a-reallocr.o)
 .debug_frame   0x000005fc       0x64 /home/jesse/CodeSourcery/Sourcery_G++_Lite_2010/bin/../lib/gcc/arm-none-eabi/4.4.1/../../../../arm-none-eabi/lib/thumb2/libc.a(lib_a-reent.o)
 .debug_frame   0x00000660       0x70 /home/jesse/CodeSourcery/Sourcery_G++_Lite_2010/bin/../lib/gcc/arm-none-eabi/4.4.1/../../../../arm-none-eabi/lib/thumb2/libc.a(lib_a-stdio.o)
 .debug_frame   0x000006d0       0x20 /home/jesse/CodeSourcery/Sourcery_G++_Lite_2010/bin/../lib/gcc/arm-none-eabi/4.4.1/../../../../arm-none-eabi/lib/thumb2/libc.a(lib_a-strlen.o)
 .debug_frame   0x000006f0       0x2c /home/jesse/CodeSourcery/Sourcery_G++_Lite_2010/bin/../lib/gcc/arm-none-eabi/4.4.1/../../../../arm-none-eabi/lib/thumb2/libc.a(lib_a-writer.o)
 .debug_frame   0x0000071c       0x34 /home/jesse/CodeSourcery/Sourcery_G++_Lite_2010/bin/../lib/gcc/arm-none-eabi/4.4.1/../../../../arm-none-eabi/lib/thumb2/libc.a(lib_a-__atexit.o)
 .debug_frame   0x00000750       0x2c /home/jesse/CodeSourcery/Sourcery_G++_Lite_2010/bin/../lib/gcc/arm-none-eabi/4.4.1/../../../../arm-none-eabi/lib/thumb2/libc.a(lib_a-closer.o)
 .debug_frame   0x0000077c       0x3c /home/jesse/CodeSourcery/Sourcery_G++_Lite_2010/bin/../lib/gcc/arm-none-eabi/4.4.1/../../../../arm-none-eabi/lib/thumb2/libc.a(lib_a-fclose.o)
 .debug_frame   0x000007b8       0x2c /home/jesse/CodeSourcery/Sourcery_G++_Lite_2010/bin/../lib/gcc/arm-none-eabi/4.4.1/../../../../arm-none-eabi/lib/thumb2/libc.a(lib_a-fstatr.o)
 .debug_frame   0x000007e4       0x2c /home/jesse/CodeSourcery/Sourcery_G++_Lite_2010/bin/../lib/gcc/arm-none-eabi/4.4.1/../../../../arm-none-eabi/lib/thumb2/libc.a(lib_a-isattyr.o)
 .debug_frame   0x00000810       0x2c /home/jesse/CodeSourcery/Sourcery_G++_Lite_2010/bin/../lib/gcc/arm-none-eabi/4.4.1/../../../../arm-none-eabi/lib/thumb2/libc.a(lib_a-lseekr.o)
 .debug_frame   0x0000083c       0x2c /home/jesse/CodeSourcery/Sourcery_G++_Lite_2010/bin/../lib/gcc/arm-none-eabi/4.4.1/../../../../arm-none-eabi/lib/thumb2/libc.a(lib_a-readr.o)
 .debug_frame   0x00000868       0x50 /home/jesse/CodeSourcery/Sourcery_G++_Lite_2010/bin/../lib/gcc/arm-none-eabi/4.4.1/thumb2/libgcc.a(bpabi.o)
 .debug_frame   0x000008b8       0x3c /home/jesse/CodeSourcery/Sourcery_G++_Lite_2010/bin/../lib/gcc/arm-none-eabi/4.4.1/thumb2/libgcc.a(_divdi3.o)
 .debug_frame   0x000008f4       0x3c /home/jesse/CodeSourcery/Sourcery_G++_Lite_2010/bin/../lib/gcc/arm-none-eabi/4.4.1/thumb2/libgcc.a(_udivdi3.o)
 .debug_frame   0x00000930       0x20 /home/jesse/CodeSourcery/Sourcery_G++_Lite_2010/bin/../lib/gcc/arm-none-eabi/4.4.1/thumb2/libgcc.a(_udivsi3.o)
